This is LuaHBTeX, Version 1.24.0 (MiKTeX 26.2) (format=lualatex 2026.2.27)  1 MAR 2026 20:37
 restricted system commands enabled.
**nonparametric_presentation.tex
(./nonparametric_presentation.tex
LaTeX2e <2025-11-01>
L3 programming layer <2026-01-19>
Lua module: luaotfload 2024-12-03 v3.29 Lua based OpenType font support
Lua module: lualibs 2023-07-13 v2.76 ConTeXt Lua standard libraries.
Lua module: lualibs-extended 2023-07-13 v2.76 ConTeXt Lua libraries -- extended 
collection.
luaotfload | conf : Root cache directory is "/home/anonymous/.miktex/texmfs/data
/luatex-cache/generic/names".
luaotfload | init : Loading fontloader "fontloader-2023-12-28.lua" from kpse-res
olved path "/home/anonymous/.miktex/texmfs/install/tex/luatex/luaotfload/fontloa
der-2023-12-28.lua".
Lua-only attribute luaotfload@noligature = 1
luaotfload | init : Context OpenType loader version 3.134
Inserting `luaotfload.node_processor' in `pre_linebreak_filter'.
Inserting `luaotfload.node_processor' in `hpack_filter'.
Inserting `luaotfload.glyph_stream' in `glyph_stream_provider'.
Inserting `luaotfload.define_font' in `define_font'.
Lua-only attribute luaotfload_color_attribute = 2
luaotfload | conf : Root cache directory is "/home/anonymous/.miktex/texmfs/data
/luatex-cache/generic/names".
Inserting `luaotfload.harf.strip_prefix' in `find_opentype_file'.
Inserting `luaotfload.harf.strip_prefix' in `find_truetype_file'.
Removing  `luaotfload.glyph_stream' from `glyph_stream_provider'.
Inserting `luaotfload.harf.glyphstream' in `glyph_stream_provider'.
Inserting `luaotfload.harf.finalize_vlist' in `post_linebreak_filter'.
Inserting `luaotfload.harf.finalize_hlist' in `hpack_filter'.
Inserting `luaotfload.cleanup_files' in `wrapup_run'.
Inserting `luaotfload.harf.finalize_unicode' in `finish_pdffile'.
Inserting `luaotfload.glyphinfo' in `glyph_info'.
Lua-only attribute luaotfload.letterspace_done = 3
Inserting `luaotfload.aux.set_sscale_dimens' in `luaotfload.patch_font'.
Inserting `luaotfload.aux.set_font_index' in `luaotfload.patch_font'.
Inserting `luaotfload.aux.patch_cambria_domh' in `luaotfload.patch_font'.
Inserting `luaotfload.aux.fixup_fontdata' in `luaotfload.patch_font_unsafe'.
Inserting `luaotfload.aux.set_capheight' in `luaotfload.patch_font'.
Inserting `luaotfload.aux.set_xheight' in `luaotfload.patch_font'.
Inserting `luaotfload.rewrite_fontname' in `luaotfload.patch_font'.
Inserting `tracingstacklevels' in `input_level_string'. (/home/anonymous/.mikte
x/texmfs/install/tex/latex/beamer/beamer.cls
Document Class: beamer 2026/01/22 v3.77 A class for typesetting presentations
(/home/anonymous/.miktex/texmfs/install/tex/latex/beamer/beamerbasemodes.sty
(/home/anonymous/.miktex/texmfs/install/tex/latex/etoolbox/etoolbox.sty
Package: etoolbox 2025/10/02 v2.5m e-TeX tools for LaTeX (JAW)
\etb@tempcnta=\count273
)
\beamer@tempbox=\box53
\beamer@tempcount=\count274
\c@beamerpauses=\count275

(/home/anonymous/.miktex/texmfs/install/tex/latex/beamer/beamerbasedecode.sty
\beamer@slideinframe=\count276
\beamer@minimum=\count277
\beamer@decode@box=\box54
)
\beamer@commentbox=\box55
\beamer@modecount=\count278
) (/home/anonymous/.miktex/texmfs/install/tex/generic/iftex/iftex.sty
Package: iftex 2024/12/12 v1.0g TeX engine tests
)
\headdp=\dimen147
\footheight=\dimen148
\sidebarheight=\dimen149
\beamer@tempdim=\dimen150
\beamer@finalheight=\dimen151
\beamer@animht=\dimen152
\beamer@animdp=\dimen153
\beamer@animwd=\dimen154
\beamer@leftmargin=\dimen155
\beamer@rightmargin=\dimen156
\beamer@leftsidebar=\dimen157
\beamer@rightsidebar=\dimen158
\beamer@boxsize=\dimen159
\beamer@vboxoffset=\dimen160
\beamer@descdefault=\dimen161
\beamer@descriptionwidth=\dimen162
\beamer@lastskip=\skip49
\beamer@areabox=\box56
\beamer@animcurrent=\box57
\beamer@animshowbox=\box58
\beamer@sectionbox=\box59
\beamer@logobox=\box60
\beamer@linebox=\box61
\beamer@sectioncount=\count279
\beamer@subsubsectionmax=\count280
\beamer@subsectionmax=\count281
\beamer@sectionmax=\count282
\beamer@totalheads=\count283
\beamer@headcounter=\count284
\beamer@partstartpage=\count285
\beamer@sectionstartpage=\count286
\beamer@subsectionstartpage=\count287
\beamer@animationtempa=\count288
\beamer@animationtempb=\count289
\beamer@xpos=\count290
\beamer@ypos=\count291
\beamer@ypos@offset=\count292
\beamer@showpartnumber=\count293
\beamer@currentsubsection=\count294
\beamer@coveringdepth=\count295
\beamer@sectionadjust=\count296
\beamer@toclastsection=\count297
\beamer@tocsectionnumber=\count298

(/home/anonymous/.miktex/texmfs/install/tex/latex/beamer/beamerbaseoptions.sty
(/home/anonymous/.miktex/texmfs/install/tex/latex/graphics/keyval.sty
Package: keyval 2022/05/29 v1.15 key=value parser (DPC)
\KV@toks@=\toks17
))
\beamer@paperwidth=\skip50
\beamer@paperheight=\skip51

(/home/anonymous/.miktex/texmfs/install/tex/latex/geometry/geometry.sty
Package: geometry 2020/01/02 v5.9 Page Geometry

(/home/anonymous/.miktex/texmfs/install/tex/generic/iftex/ifvtex.sty
Package: ifvtex 2019/10/25 v1.7 ifvtex legacy package. Use iftex instead.
)
\Gm@cnth=\count299
\Gm@cntv=\count300
\c@Gm@tempcnt=\count301
\Gm@bindingoffset=\dimen163
\Gm@wd@mp=\dimen164
\Gm@odd@mp=\dimen165
\Gm@even@mp=\dimen166
\Gm@layoutwidth=\dimen167
\Gm@layoutheight=\dimen168
\Gm@layouthoffset=\dimen169
\Gm@layoutvoffset=\dimen170
\Gm@dimlist=\toks18

(/home/anonymous/.miktex/texmfs/install/tex/latex/geometry/geometry.cfg))
(/home/anonymous/.miktex/texmfs/install/tex/latex/pgf/math/pgfmath.sty
(/home/anonymous/.miktex/texmfs/install/tex/latex/pgf/utilities/pgfrcs.sty
(/home/anonymous/.miktex/texmfs/install/tex/generic/pgf/utilities/pgfutil-commo
n.tex
\pgfutil@everybye=\toks19
\pgfutil@tempdima=\dimen171
\pgfutil@tempdimb=\dimen172
)
(/home/anonymous/.miktex/texmfs/install/tex/generic/pgf/utilities/pgfutil-latex
.def
\pgfutil@abb=\box62
)
(/home/anonymous/.miktex/texmfs/install/tex/generic/pgf/utilities/pgfrcs.code.t
ex (/home/anonymous/.miktex/texmfs/install/tex/generic/pgf/pgf.revision.tex)
Package: pgfrcs 2025-08-29 v3.1.11a (3.1.11a)
))
(/home/anonymous/.miktex/texmfs/install/tex/latex/pgf/utilities/pgfkeys.sty
(/home/anonymous/.miktex/texmfs/install/tex/generic/pgf/utilities/pgfkeys.code.
tex
\pgfkeys@pathtoks=\toks20
\pgfkeys@temptoks=\toks21

(/home/anonymous/.miktex/texmfs/install/tex/generic/pgf/utilities/pgfkeyslibrar
yfiltered.code.tex
\pgfkeys@tmptoks=\toks22
)))
(/home/anonymous/.miktex/texmfs/install/tex/generic/pgf/math/pgfmath.code.tex
(/home/anonymous/.miktex/texmfs/install/tex/generic/pgf/math/pgfmathutil.code.t
ex
\pgf@x=\dimen173
\pgf@xa=\dimen174
\pgf@xb=\dimen175
\pgf@xc=\dimen176
\pgf@y=\dimen177
\pgf@ya=\dimen178
\pgf@yb=\dimen179
\pgf@yc=\dimen180
\c@pgf@counta=\count302
\c@pgf@countb=\count303
\c@pgf@countc=\count304
\c@pgf@countd=\count305
)
(/home/anonymous/.miktex/texmfs/install/tex/generic/pgf/math/pgfmathparser.code
.tex
\pgfmath@dimen=\dimen181
\pgfmath@count=\count306
\pgfmath@box=\box63
\pgfmath@toks=\toks23
\pgfmath@stack@operand=\toks24
\pgfmath@stack@operation=\toks25
)
(/home/anonymous/.miktex/texmfs/install/tex/generic/pgf/math/pgfmathfunctions.c
ode.tex)
(/home/anonymous/.miktex/texmfs/install/tex/generic/pgf/math/pgfmathfunctions.b
asic.code.tex)
(/home/anonymous/.miktex/texmfs/install/tex/generic/pgf/math/pgfmathfunctions.t
rigonometric.code.tex)
(/home/anonymous/.miktex/texmfs/install/tex/generic/pgf/math/pgfmathfunctions.r
andom.code.tex)
(/home/anonymous/.miktex/texmfs/install/tex/generic/pgf/math/pgfmathfunctions.c
omparison.code.tex)
(/home/anonymous/.miktex/texmfs/install/tex/generic/pgf/math/pgfmathfunctions.b
ase.code.tex)
(/home/anonymous/.miktex/texmfs/install/tex/generic/pgf/math/pgfmathfunctions.r
ound.code.tex)
(/home/anonymous/.miktex/texmfs/install/tex/generic/pgf/math/pgfmathfunctions.m
isc.code.tex)
(/home/anonymous/.miktex/texmfs/install/tex/generic/pgf/math/pgfmathfunctions.i
ntegerarithmetics.code.tex)
(/home/anonymous/.miktex/texmfs/install/tex/generic/pgf/math/pgfmathcalc.code.t
ex)
(/home/anonymous/.miktex/texmfs/install/tex/generic/pgf/math/pgfmathfloat.code.
tex
\c@pgfmathroundto@lastzeros=\count307
))) (/home/anonymous/.miktex/texmfs/install/tex/latex/base/size11.clo
File: size11.clo 2025/01/22 v1.4n Standard LaTeX file (size option)
luaotfload | db : Font names database loaded from /home/anonymous/.miktex/texmfs
/data/luatex-cache/generic/names/luaotfload-names.luc.gz)
(/home/anonymous/.miktex/texmfs/install/tex/latex/pgf/basiclayer/pgfcore.sty
(/home/anonymous/.miktex/texmfs/install/tex/latex/graphics/graphicx.sty
Package: graphicx 2024/12/31 v1.2e Enhanced LaTeX Graphics (DPC,SPQR)

(/home/anonymous/.miktex/texmfs/install/tex/latex/graphics/graphics.sty
Package: graphics 2024/08/06 v1.4g Standard LaTeX Graphics (DPC,SPQR)

(/home/anonymous/.miktex/texmfs/install/tex/latex/graphics/trig.sty
Package: trig 2023/12/02 v1.11 sin cos tan (DPC)
)
(/home/anonymous/.miktex/texmfs/install/tex/latex/graphics-cfg/graphics.cfg
File: graphics.cfg 2016/06/04 v1.11 sample graphics configuration
)
Package graphics Info: Driver file: luatex.def on input line 106.

(/home/anonymous/.miktex/texmfs/install/tex/latex/graphics-def/luatex.def
File: luatex.def 2025/09/29 v1.2f Graphics/color driver for luatex
))
\Gin@req@height=\dimen182
\Gin@req@width=\dimen183
)
(/home/anonymous/.miktex/texmfs/install/tex/latex/pgf/systemlayer/pgfsys.sty
(/home/anonymous/.miktex/texmfs/install/tex/generic/pgf/systemlayer/pgfsys.code
.tex
Package: pgfsys 2025-08-29 v3.1.11a (3.1.11a)
\pgf@x=\dimen184
\pgf@y=\dimen185
\pgf@xa=\dimen186
\pgf@ya=\dimen187
\pgf@xb=\dimen188
\pgf@yb=\dimen189
\pgf@xc=\dimen190
\pgf@yc=\dimen191
\pgf@xd=\dimen192
\pgf@yd=\dimen193
\w@pgf@writea=\write3
\r@pgf@reada=\read2
\c@pgf@counta=\count308
\c@pgf@countb=\count309
\c@pgf@countc=\count310
\c@pgf@countd=\count311
\t@pgf@toka=\toks26
\t@pgf@tokb=\toks27
\t@pgf@tokc=\toks28
\pgf@sys@id@count=\count312

(/home/anonymous/.miktex/texmfs/install/tex/generic/pgf/systemlayer/pgf.cfg
File: pgf.cfg 2025-08-29 v3.1.11a (3.1.11a)
)
Driver file for pgf: pgfsys-luatex.def

(/home/anonymous/.miktex/texmfs/install/tex/generic/pgf/systemlayer/pgfsys-luat
ex.def
File: pgfsys-luatex.def 2025-08-29 v3.1.11a (3.1.11a)

(/home/anonymous/.miktex/texmfs/install/tex/generic/pgf/systemlayer/pgfsys-comm
on-pdf.def
File: pgfsys-common-pdf.def 2025-08-29 v3.1.11a (3.1.11a)
)))
(/home/anonymous/.miktex/texmfs/install/tex/generic/pgf/systemlayer/pgfsyssoftp
ath.code.tex
File: pgfsyssoftpath.code.tex 2025-08-29 v3.1.11a (3.1.11a)
\pgfsyssoftpath@smallbuffer@items=\count313
\pgfsyssoftpath@bigbuffer@items=\count314
)
(/home/anonymous/.miktex/texmfs/install/tex/generic/pgf/systemlayer/pgfsysproto
col.code.tex
File: pgfsysprotocol.code.tex 2025-08-29 v3.1.11a (3.1.11a)
))
(/home/anonymous/.miktex/texmfs/install/tex/latex/xcolor/xcolor.sty
Package: xcolor 2024/09/29 v3.02 LaTeX color extensions (UK)

(/home/anonymous/.miktex/texmfs/install/tex/latex/graphics-cfg/color.cfg
File: color.cfg 2016/01/02 v1.6 sample color configuration
)
Package xcolor Info: Driver file: luatex.def on input line 274.

(/home/anonymous/.miktex/texmfs/install/tex/latex/graphics/mathcolor.ltx)
Package xcolor Info: Model `cmy' substituted by `cmy0' on input line 1349.
Package xcolor Info: Model `hsb' substituted by `rgb' on input line 1353.
Package xcolor Info: Model `RGB' extended on input line 1365.
Package xcolor Info: Model `HTML' substituted by `rgb' on input line 1367.
Package xcolor Info: Model `Hsb' substituted by `hsb' on input line 1368.
Package xcolor Info: Model `tHsb' substituted by `hsb' on input line 1369.
Package xcolor Info: Model `HSB' substituted by `hsb' on input line 1370.
Package xcolor Info: Model `Gray' substituted by `gray' on input line 1371.
Package xcolor Info: Model `wave' substituted by `hsb' on input line 1372.
)
(/home/anonymous/.miktex/texmfs/install/tex/generic/pgf/basiclayer/pgfcore.code
.tex
Package: pgfcore 2025-08-29 v3.1.11a (3.1.11a)

(/home/anonymous/.miktex/texmfs/install/tex/generic/pgf/math/pgfint.code.tex)
(/home/anonymous/.miktex/texmfs/install/tex/generic/pgf/basiclayer/pgfcorepoint
s.code.tex
File: pgfcorepoints.code.tex 2025-08-29 v3.1.11a (3.1.11a)
\pgf@picminx=\dimen194
\pgf@picmaxx=\dimen195
\pgf@picminy=\dimen196
\pgf@picmaxy=\dimen197
\pgf@pathminx=\dimen198
\pgf@pathmaxx=\dimen199
\pgf@pathminy=\dimen256
\pgf@pathmaxy=\dimen257
\pgf@xx=\dimen258
\pgf@xy=\dimen259
\pgf@yx=\dimen260
\pgf@yy=\dimen261
\pgf@zx=\dimen262
\pgf@zy=\dimen263
)
(/home/anonymous/.miktex/texmfs/install/tex/generic/pgf/basiclayer/pgfcorepathc
onstruct.code.tex
File: pgfcorepathconstruct.code.tex 2025-08-29 v3.1.11a (3.1.11a)
\pgf@path@lastx=\dimen264
\pgf@path@lasty=\dimen265
)
(/home/anonymous/.miktex/texmfs/install/tex/generic/pgf/basiclayer/pgfcorepathu
sage.code.tex
File: pgfcorepathusage.code.tex 2025-08-29 v3.1.11a (3.1.11a)
\pgf@shorten@end@additional=\dimen266
\pgf@shorten@start@additional=\dimen267
)
(/home/anonymous/.miktex/texmfs/install/tex/generic/pgf/basiclayer/pgfcorescope
s.code.tex
File: pgfcorescopes.code.tex 2025-08-29 v3.1.11a (3.1.11a)
\pgfpic=\box64
\pgf@hbox=\box65
\pgf@layerbox@main=\box66
\pgf@picture@serial@count=\count315
)
(/home/anonymous/.miktex/texmfs/install/tex/generic/pgf/basiclayer/pgfcoregraph
icstate.code.tex
File: pgfcoregraphicstate.code.tex 2025-08-29 v3.1.11a (3.1.11a)
\pgflinewidth=\dimen268
)
(/home/anonymous/.miktex/texmfs/install/tex/generic/pgf/basiclayer/pgfcoretrans
formations.code.tex
File: pgfcoretransformations.code.tex 2025-08-29 v3.1.11a (3.1.11a)
\pgf@pt@x=\dimen269
\pgf@pt@y=\dimen270
\pgf@pt@temp=\dimen271
)
(/home/anonymous/.miktex/texmfs/install/tex/generic/pgf/basiclayer/pgfcorequick
.code.tex
File: pgfcorequick.code.tex 2025-08-29 v3.1.11a (3.1.11a)
)
(/home/anonymous/.miktex/texmfs/install/tex/generic/pgf/basiclayer/pgfcoreobjec
ts.code.tex
File: pgfcoreobjects.code.tex 2025-08-29 v3.1.11a (3.1.11a)
)
(/home/anonymous/.miktex/texmfs/install/tex/generic/pgf/basiclayer/pgfcorepathp
rocessing.code.tex
File: pgfcorepathprocessing.code.tex 2025-08-29 v3.1.11a (3.1.11a)
)
(/home/anonymous/.miktex/texmfs/install/tex/generic/pgf/basiclayer/pgfcorearrow
s.code.tex
File: pgfcorearrows.code.tex 2025-08-29 v3.1.11a (3.1.11a)
\pgfarrowsep=\dimen272
)
(/home/anonymous/.miktex/texmfs/install/tex/generic/pgf/basiclayer/pgfcoreshade
.code.tex
File: pgfcoreshade.code.tex 2025-08-29 v3.1.11a (3.1.11a)
\pgf@max=\dimen273
\pgf@sys@shading@range@num=\count316
\pgf@shadingcount=\count317
)
(/home/anonymous/.miktex/texmfs/install/tex/generic/pgf/basiclayer/pgfcoreimage
.code.tex
File: pgfcoreimage.code.tex 2025-08-29 v3.1.11a (3.1.11a)
)
(/home/anonymous/.miktex/texmfs/install/tex/generic/pgf/basiclayer/pgfcoreexter
nal.code.tex
File: pgfcoreexternal.code.tex 2025-08-29 v3.1.11a (3.1.11a)
\pgfexternal@startupbox=\box67
)
(/home/anonymous/.miktex/texmfs/install/tex/generic/pgf/basiclayer/pgfcorelayer
s.code.tex
File: pgfcorelayers.code.tex 2025-08-29 v3.1.11a (3.1.11a)
)
(/home/anonymous/.miktex/texmfs/install/tex/generic/pgf/basiclayer/pgfcoretrans
parency.code.tex
File: pgfcoretransparency.code.tex 2025-08-29 v3.1.11a (3.1.11a)
)
(/home/anonymous/.miktex/texmfs/install/tex/generic/pgf/basiclayer/pgfcorepatte
rns.code.tex
File: pgfcorepatterns.code.tex 2025-08-29 v3.1.11a (3.1.11a)
)
(/home/anonymous/.miktex/texmfs/install/tex/generic/pgf/basiclayer/pgfcorerdf.c
ode.tex
File: pgfcorerdf.code.tex 2025-08-29 v3.1.11a (3.1.11a)
)))
(/home/anonymous/.miktex/texmfs/install/tex/latex/pgf/utilities/xxcolor.sty
Package: xxcolor 2003/10/24 ver 0.1
\XC@nummixins=\count318
\XC@countmixins=\count319
)
(/home/anonymous/.miktex/texmfs/install/tex/latex/base/atbegshi-ltx.sty
Package: atbegshi-ltx 2021/01/10 v1.0c Emulation of the original atbegshi
package with kernel methods
)
(/home/anonymous/.miktex/texmfs/install/tex/latex/hyperref/hyperref.sty
Package: hyperref 2026-01-29 v7.01p Hypertext links for LaTeX

(/home/anonymous/.miktex/texmfs/install/tex/latex/kvsetkeys/kvsetkeys.sty
Package: kvsetkeys 2022-10-05 v1.19 Key value parser (HO)
)
(/home/anonymous/.miktex/texmfs/install/tex/generic/kvdefinekeys/kvdefinekeys.s
ty
Package: kvdefinekeys 2019-12-19 v1.6 Define keys (HO)
) (/home/anonymous/.miktex/texmfs/install/tex/generic/pdfescape/pdfescape.sty
Package: pdfescape 2019/12/09 v1.15 Implements pdfTeX's escape features (HO)
(/home/anonymous/.miktex/texmfs/install/tex/generic/ltxcmds/ltxcmds.sty
Package: ltxcmds 2023-12-04 v1.26 LaTeX kernel commands for general use (HO)
)
(/home/anonymous/.miktex/texmfs/install/tex/generic/pdftexcmds/pdftexcmds.sty
Package: pdftexcmds 2020-06-27 v0.33 Utility functions of pdfTeX for LuaTeX (HO
)

(/home/anonymous/.miktex/texmfs/install/tex/generic/infwarerr/infwarerr.sty
Package: infwarerr 2019/12/03 v1.5 Providing info/warning/error messages (HO)
)
Package pdftexcmds Info: \pdf@primitive is available.
Package pdftexcmds Info: \pdf@ifprimitive is available.
Package pdftexcmds Info: \pdfdraftmode found.
\pdftexcmds@toks=\toks29
))
(/home/anonymous/.miktex/texmfs/install/tex/latex/hycolor/hycolor.sty
Package: hycolor 2020-01-27 v1.10 Color options for hyperref/bookmark (HO)
)
(/home/anonymous/.miktex/texmfs/install/tex/latex/hyperref/nameref.sty
Package: nameref 2026-01-29 v2.58 Cross-referencing by name of section

(/home/anonymous/.miktex/texmfs/install/tex/latex/refcount/refcount.sty
Package: refcount 2019/12/15 v3.6 Data extraction from label references (HO)
)
(/home/anonymous/.miktex/texmfs/install/tex/generic/gettitlestring/gettitlestri
ng.sty
Package: gettitlestring 2019/12/15 v1.6 Cleanup title references (HO)

(/home/anonymous/.miktex/texmfs/install/tex/latex/kvoptions/kvoptions.sty
Package: kvoptions 2022-06-15 v3.15 Key value format for package options (HO)
))
\c@section@level=\count320
)
(/home/anonymous/.miktex/texmfs/install/tex/generic/stringenc/stringenc.sty
Package: stringenc 2019/11/29 v1.12 Convert strings between diff. encodings (HO
)
)
\@linkdim=\dimen274
\Hy@linkcounter=\count321
\Hy@pagecounter=\count322

(/home/anonymous/.miktex/texmfs/install/tex/latex/hyperref/pd1enc.def
File: pd1enc.def 2026-01-29 v7.01p Hyperref: PDFDocEncoding definition (HO)
)
(/home/anonymous/.miktex/texmfs/install/tex/generic/intcalc/intcalc.sty
Package: intcalc 2019/12/15 v1.3 Expandable calculations with integers (HO)
)
\Hy@SavedSpaceFactor=\count323

(/home/anonymous/.miktex/texmfs/install/tex/latex/hyperref/puenc.def
File: puenc.def 2026-01-29 v7.01p Hyperref: PDF Unicode definition (HO)
)
Package hyperref Info: Option `bookmarks' set `true' on input line 4072.
Package hyperref Info: Option `bookmarksopen' set `true' on input line 4072.
Package hyperref Info: Option `implicit' set `false' on input line 4072.
Package hyperref Info: Hyper figures OFF on input line 4201.
Package hyperref Info: Link nesting OFF on input line 4206.
Package hyperref Info: Hyper index ON on input line 4209.
Package hyperref Info: Plain pages OFF on input line 4216.
Package hyperref Info: Backreferencing OFF on input line 4221.
Package hyperref Info: Implicit mode OFF; no redefinition of LaTeX internals.
Package hyperref Info: Bookmarks ON on input line 4468.
\c@Hy@tempcnt=\count324

(/home/anonymous/.miktex/texmfs/install/tex/latex/url/url.sty
\Urlmuskip=\muskip17
Package: url 2013/09/16  ver 3.4  Verb mode for urls, etc.
)
LaTeX Info: Redefining \url on input line 4807.
\XeTeXLinkMargin=\dimen275

(/home/anonymous/.miktex/texmfs/install/tex/generic/bitset/bitset.sty
Package: bitset 2019/12/09 v1.3 Handle bit-vector datatype (HO)

(/home/anonymous/.miktex/texmfs/install/tex/generic/bigintcalc/bigintcalc.sty
Package: bigintcalc 2019/12/15 v1.5 Expandable calculations on big integers (HO
)
))
\Fld@menulength=\count325
\Field@Width=\dimen276
\Fld@charsize=\dimen277
Package hyperref Info: Hyper figures OFF on input line 6084.
Package hyperref Info: Link nesting OFF on input line 6089.
Package hyperref Info: Hyper index ON on input line 6092.
Package hyperref Info: backreferencing OFF on input line 6099.
Package hyperref Info: Link coloring OFF on input line 6104.
Package hyperref Info: Link coloring with OCG OFF on input line 6109.
Package hyperref Info: PDF/A mode OFF on input line 6114.
\Hy@abspage=\count326

Package hyperref Message: Stopped early.

)
Package hyperref Info: Driver (autodetected): hluatex.
 (/home/anonymous/.miktex/texmfs/install/tex/latex/hyperref/hluatex.def
File: hluatex.def 2026-01-29 v7.01p Hyperref driver for luaTeX
\Fld@listcount=\count327
\c@bookmark@seq@number=\count328

(/home/anonymous/.miktex/texmfs/install/tex/latex/rerunfilecheck/rerunfilecheck
.sty
Package: rerunfilecheck 2025-06-21 v1.11 Rerun checks for auxiliary files (HO)

(/home/anonymous/.miktex/texmfs/install/tex/generic/uniquecounter/uniquecounter
.sty
Package: uniquecounter 2019/12/15 v1.4 Provide unlimited unique counter (HO)
)
Package uniquecounter Info: New unique counter `rerunfilecheck' on input line 2
84.
))
(/home/anonymous/.miktex/texmfs/install/tex/latex/beamer/beamerbaserequires.sty

(/home/anonymous/.miktex/texmfs/install/tex/latex/beamer/beamerbasecompatibilit
y.sty)
(/home/anonymous/.miktex/texmfs/install/tex/latex/beamer/beamerbasefont.sty
(/home/anonymous/.miktex/texmfs/install/tex/latex/amsfonts/amssymb.sty
Package: amssymb 2013/01/14 v3.01 AMS font symbols

(/home/anonymous/.miktex/texmfs/install/tex/latex/amsfonts/amsfonts.sty
Package: amsfonts 2013/01/14 v3.01 Basic AMSFonts support
\@emptytoks=\toks30
\symAMSa=\mathgroup4
\symAMSb=\mathgroup5
LaTeX Font Info:    Redeclaring math symbol \hbar on input line 98.
LaTeX Font Info:    Overwriting math alphabet `\mathfrak' in version `bold'
(Font)                  U/euf/m/n --> U/euf/b/n on input line 106.
))
(/home/anonymous/.miktex/texmfs/install/tex/latex/sansmathaccent/sansmathaccent
.sty
Package: sansmathaccent 2020/01/31
 (/home/anonymous/.miktex/texmfs/install/tex/latex/koma-script/scrlfile.sty
Package: scrlfile 2026/02/02 v3.49.2 KOMA-Script package (file load hooks)

(/home/anonymous/.miktex/texmfs/install/tex/latex/koma-script/scrlfile-hook.sty
Package: scrlfile-hook 2026/02/02 v3.49.2 KOMA-Script package (using LaTeX hook
s)
(/home/anonymous/.miktex/texmfs/install/tex/latex/koma-script/scrlogo.sty
Package: scrlogo 2026/02/02 v3.49.2 KOMA-Script package (logo)
)))))
(/home/anonymous/.miktex/texmfs/install/tex/latex/beamer/beamerbasetranslator.s
ty (/home/anonymous/.miktex/texmfs/install/tex/latex/translator/translator.sty
Package: translator 2021-05-31 v1.12d Easy translation of strings in LaTeX
)) (/home/anonymous/.miktex/texmfs/install/tex/latex/beamer/beamerbasemisc.sty)
(/home/anonymous/.miktex/texmfs/install/tex/latex/beamer/beamerbasetwoscreens.s
ty)
(/home/anonymous/.miktex/texmfs/install/tex/latex/beamer/beamerbaseoverlay.sty
\beamer@argscount=\count329
\beamer@lastskipcover=\skip52
\beamer@trivlistdepth=\count330
) (/home/anonymous/.miktex/texmfs/install/tex/latex/beamer/beamerbasetitle.sty)
(/home/anonymous/.miktex/texmfs/install/tex/latex/beamer/beamerbasesection.sty
\c@lecture=\count331
\c@part=\count332
\c@section=\count333
\c@subsection=\count334
\c@subsubsection=\count335
) (/home/anonymous/.miktex/texmfs/install/tex/latex/beamer/beamerbaseframe.sty
\beamer@framebox=\box68
\beamer@frametitlebox=\box69
\beamer@zoombox=\box70
\beamer@zoomcount=\count336
\beamer@zoomframecount=\count337
\beamer@frametextheight=\dimen278
\c@subsectionslide=\count338
\beamer@frametopskip=\skip53
\beamer@framebottomskip=\skip54
\beamer@frametopskipautobreak=\skip55
\beamer@framebottomskipautobreak=\skip56
\beamer@envbody=\toks31
\framewidth=\dimen279
\c@framenumber=\count339
)
(/home/anonymous/.miktex/texmfs/install/tex/latex/beamer/beamerbaseverbatim.sty
\beamer@verbatimfileout=\write4
)
(/home/anonymous/.miktex/texmfs/install/tex/latex/beamer/beamerbaseframesize.st
y
\beamer@splitbox=\box71
\beamer@autobreakcount=\count340
\beamer@autobreaklastheight=\dimen280
\beamer@frametitletoks=\toks32
\beamer@framesubtitletoks=\toks33
)
(/home/anonymous/.miktex/texmfs/install/tex/latex/beamer/beamerbaseframecompone
nts.sty
\beamer@colheight=\skip57
\beamer@footins=\box72
)
(/home/anonymous/.miktex/texmfs/install/tex/latex/beamer/beamerbasecolor.sty)
(/home/anonymous/.miktex/texmfs/install/tex/latex/beamer/beamerbasenotes.sty
\beamer@frameboxcopy=\box73
)
(/home/anonymous/.miktex/texmfs/install/tex/latex/beamer/beamerbasetoc.sty)
(/home/anonymous/.miktex/texmfs/install/tex/latex/beamer/beamerbasetemplates.st
y
\beamer@sbttoks=\toks34

(/home/anonymous/.miktex/texmfs/install/tex/latex/beamer/beamerbaseauxtemplates
.sty
(/home/anonymous/.miktex/texmfs/install/tex/latex/beamer/beamerbaseboxes.sty
\bmb@box=\box74
\bmb@colorbox=\box75
\bmb@boxwidth=\dimen281
\bmb@boxheight=\dimen282
\bmb@prevheight=\dimen283
\bmb@temp=\dimen284
\bmb@dima=\dimen285
\bmb@dimb=\dimen286
\bmb@prevheight=\dimen287
)
\beamer@blockheadheight=\dimen288
))
(/home/anonymous/.miktex/texmfs/install/tex/latex/beamer/beamerbaselocalstructu
re.sty (/home/anonymous/.miktex/texmfs/install/tex/latex/tools/enumerate.sty
Package: enumerate 2023/07/04 v3.00 enumerate extensions (DPC)
\@enLab=\toks35
)
\beamer@bibiconwidth=\skip58
\c@figure=\count341
\c@table=\count342
\abovecaptionskip=\skip59
\belowcaptionskip=\skip60
)
(/home/anonymous/.miktex/texmfs/install/tex/latex/beamer/beamerbasenavigation.s
ty
(/home/anonymous/.miktex/texmfs/install/tex/latex/beamer/beamerbasenavigationsy
mbols.tex)
\beamer@section@min@dim=\dimen289
)
(/home/anonymous/.miktex/texmfs/install/tex/latex/beamer/beamerbasetheorems.sty
(/home/anonymous/.miktex/texmfs/install/tex/latex/amsmath/amsmath.sty
Package: amsmath 2025/07/09 v2.17z AMS math features
\@mathmargin=\skip61

For additional information on amsmath, use the `?' option.
(/home/anonymous/.miktex/texmfs/install/tex/latex/amsmath/amstext.sty
Package: amstext 2024/11/17 v2.01 AMS text

(/home/anonymous/.miktex/texmfs/install/tex/latex/amsmath/amsgen.sty
File: amsgen.sty 1999/11/30 v2.0 generic functions
\@emptytoks=\toks36
\ex@=\dimen290
))
(/home/anonymous/.miktex/texmfs/install/tex/latex/amsmath/amsbsy.sty
Package: amsbsy 1999/11/29 v1.2d Bold Symbols
\pmbraise@=\dimen291
)
(/home/anonymous/.miktex/texmfs/install/tex/latex/amsmath/amsopn.sty
Package: amsopn 2022/04/08 v2.04 operator names
)
\inf@bad=\count343
LaTeX Info: Redefining \frac on input line 235.
\uproot@=\count344
\leftroot@=\count345
LaTeX Info: Redefining \overline on input line 398.
LaTeX Info: Redefining \colon on input line 409.
\classnum@=\count346
\DOTSCASE@=\count347
LaTeX Info: Redefining \ldots on input line 495.
LaTeX Info: Redefining \dots on input line 498.
LaTeX Info: Redefining \cdots on input line 619.
\Mathstrutbox@=\box76
\strutbox@=\box77
LaTeX Info: Redefining \big on input line 721.
LaTeX Info: Redefining \Big on input line 722.
LaTeX Info: Redefining \bigg on input line 723.
LaTeX Info: Redefining \Bigg on input line 724.
\big@size=\dimen292
LaTeX Font Info:    Redeclaring font encoding OML on input line 742.
LaTeX Font Info:    Redeclaring font encoding OMS on input line 743.
\macc@depth=\count348
LaTeX Info: Redefining \bmod on input line 904.
LaTeX Info: Redefining \pmod on input line 909.
LaTeX Info: Redefining \smash on input line 939.
LaTeX Info: Redefining \relbar on input line 969.
LaTeX Info: Redefining \Relbar on input line 970.
\c@MaxMatrixCols=\count349
\dotsspace@=\muskip18
\c@parentequation=\count350
\dspbrk@lvl=\count351
\tag@help=\toks37
\row@=\count352
\column@=\count353
\maxfields@=\count354
\andhelp@=\toks38
\eqnshift@=\dimen293
\alignsep@=\dimen294
\tagshift@=\dimen295
\tagwidth@=\dimen296
\totwidth@=\dimen297
\lineht@=\dimen298
\@envbody=\toks39
\multlinegap=\skip62
\multlinetaggap=\skip63
\mathdisplay@stack=\toks40
LaTeX Info: Redefining \[ on input line 2950.
LaTeX Info: Redefining \] on input line 2951.
)
(/home/anonymous/.miktex/texmfs/install/tex/latex/amscls/amsthm.sty
Package: amsthm 2020/05/29 v2.20.6
\thm@style=\toks41
\thm@bodyfont=\toks42
\thm@headfont=\toks43
\thm@notefont=\toks44
\thm@headpunct=\toks45
\thm@preskip=\skip64
\thm@postskip=\skip65
\thm@headsep=\skip66
\dth@everypar=\toks46
)
\c@theorem=\count355
)
(/home/anonymous/.miktex/texmfs/install/tex/latex/beamer/beamerbasethemes.sty))
(/home/anonymous/.miktex/texmfs/install/tex/latex/beamer/beamerthemedefault.sty

(/home/anonymous/.miktex/texmfs/install/tex/latex/beamer/beamerfontthemedefault
.sty)
(/home/anonymous/.miktex/texmfs/install/tex/latex/beamer/beamercolorthemedefaul
t.sty)
(/home/anonymous/.miktex/texmfs/install/tex/latex/beamer/beamerinnerthemedefaul
t.sty
\beamer@dima=\dimen299
\beamer@dimb=\dimen300
)
(/home/anonymous/.miktex/texmfs/install/tex/latex/beamer/beamerouterthemedefaul
t.sty)))
(/home/anonymous/.miktex/texmfs/install/tex/latex/beamer/beamerthemeAnnArbor.st
y
(/home/anonymous/.miktex/texmfs/install/tex/latex/beamer/beamerinnerthemerounde
d.sty)
(/home/anonymous/.miktex/texmfs/install/tex/latex/beamer/beamerouterthemeinfoli
nes.sty)
(/home/anonymous/.miktex/texmfs/install/tex/latex/beamer/beamercolorthemewolver
ine.sty))
(/home/anonymous/.miktex/texmfs/install/tex/latex/beamer/beamerfontthemeprofess
ionalfonts.sty)
(/home/anonymous/.miktex/texmfs/install/tex/latex/psnfss/mathpazo.sty
Package: mathpazo 2020/03/25 PSNFSS-v9.3 Palatino w/ Pazo Math (D.Puga, WaS) 
\symupright=\mathgroup6
)
(/home/anonymous/.miktex/texmfs/install/tex/latex/listings/listings.sty
\lst@mode=\count356
\lst@gtempboxa=\box78
\lst@token=\toks47
\lst@length=\count357
\lst@currlwidth=\dimen301
\lst@column=\count358
\lst@pos=\count359
\lst@lostspace=\dimen302
\lst@width=\dimen303
\lst@newlines=\count360
\lst@lineno=\count361
\lst@maxwidth=\dimen304

(/home/anonymous/.miktex/texmfs/install/tex/latex/listings/lstpatch.sty
File: lstpatch.sty 2025/11/14 1.11b (Carsten Heinz)
)
(/home/anonymous/.miktex/texmfs/install/tex/latex/listings/lstmisc.sty
File: lstmisc.sty 2025/11/14 1.11b (Carsten Heinz)
\c@lstnumber=\count362
\lst@skipnumbers=\count363
\lst@framebox=\box79
)
(/home/anonymous/.miktex/texmfs/install/tex/latex/listings/listings.cfg
File: listings.cfg 2025/11/14 1.11b listings configuration
))
Package: listings 2025/11/14 1.11b (Carsten Heinz)

==> First Aid for listings.sty no longer applied!
    Expected:
        2024/09/23 1.10c (Carsten Heinz)
    but found:
        2025/11/14 1.11b (Carsten Heinz)
    so I'm assuming it got fixed.
\c@definition=\count364

LaTeX Warning: Command `\thedefinition' already defined -- not changed on input
 line 28.

Package hyperref Info: Option `colorlinks' set `true' on input line 33.

(/home/anonymous/.miktex/texmfs/install/tex/latex/l3backend/l3backend-luatex.de
f
File: l3backend-luatex.def 2025-10-09 L3 backend support: PDF output (LuaTeX)
\l__color_backend_stack_int=\count365
Inserting `l3color' in `luaotfload.parse_color'.) (./nonparametric_presentation
.aux)
\openout1 = nonparametric_presentation.aux

LaTeX Font Info:    Checking defaults for OML/cmm/m/it on input line 71.
LaTeX Font Info:    ... okay on input line 71.
LaTeX Font Info:    Checking defaults for OMS/cmsy/m/n on input line 71.
LaTeX Font Info:    ... okay on input line 71.
LaTeX Font Info:    Checking defaults for OT1/cmr/m/n on input line 71.
LaTeX Font Info:    ... okay on input line 71.
LaTeX Font Info:    Checking defaults for T1/cmr/m/n on input line 71.
LaTeX Font Info:    ... okay on input line 71.
LaTeX Font Info:    Checking defaults for TS1/cmr/m/n on input line 71.
LaTeX Font Info:    ... okay on input line 71.
LaTeX Font Info:    Checking defaults for TU/lmr/m/n on input line 71.
LaTeX Font Info:    ... okay on input line 71.
LaTeX Font Info:    Checking defaults for OMX/cmex/m/n on input line 71.
LaTeX Font Info:    ... okay on input line 71.
LaTeX Font Info:    Checking defaults for U/cmr/m/n on input line 71.
LaTeX Font Info:    ... okay on input line 71.
LaTeX Font Info:    Checking defaults for PD1/pdf/m/n on input line 71.
LaTeX Font Info:    ... okay on input line 71.
LaTeX Font Info:    Checking defaults for PU/pdf/m/n on input line 71.
LaTeX Font Info:    ... okay on input line 71.

*geometry* driver: auto-detecting
*geometry* detected driver: luatex
*geometry* verbose mode - [ preamble ] result:
* driver: luatex
* paper: custom
* layout: <same size as paper>
* layoutoffset:(h,v)=(0.0pt,0.0pt)
* modes: includehead includefoot 
* h-part:(L,W,R)=(10.95pt, 342.29536pt, 10.95pt)
* v-part:(T,H,B)=(0.0pt, 273.14662pt, 0.0pt)
* \paperwidth=364.19536pt
* \paperheight=273.14662pt
* \textwidth=342.29536pt
* \textheight=244.6939pt
* \oddsidemargin=-61.31999pt
* \evensidemargin=-61.31999pt
* \topmargin=-72.26999pt
* \headheight=14.22636pt
* \headsep=0.0pt
* \topskip=11.0pt
* \footskip=14.22636pt
* \marginparwidth=4.0pt
* \marginparsep=10.0pt
* \columnsep=10.0pt
* \skip\footins=10.0pt plus 4.0pt minus 2.0pt
* \hoffset=0.0pt
* \voffset=0.0pt
* \mag=1000
* \@twocolumnfalse
* \@twosidefalse
* \@mparswitchfalse
* \@reversemarginfalse
* (1in=72.27pt=25.4mm, 1cm=28.453pt)

(/home/anonymous/.miktex/texmfs/install/tex/context/base/mkii/supp-pdf.mkii
[Loading MPS to PDF converter (version 2006.09.02).]
\scratchcounter=\count366
\scratchdimen=\dimen305
\scratchbox=\box80
\nofMPsegments=\count367
\nofMParguments=\count368
\everyMPshowfont=\toks48
\MPscratchCnt=\count369
\MPscratchDim=\dimen306
\MPnumerator=\count370
\makeMPintoPDFobject=\count371
\everyMPtoPDFconversion=\toks49
)
(/home/anonymous/.miktex/texmfs/install/tex/latex/epstopdf-pkg/epstopdf-base.st
y
Package: epstopdf-base 2020-01-24 v2.11 Base part for package epstopdf
Package epstopdf-base Info: Redefining graphics rule for `.eps' on input line 4
85.
 (/home/anonymous/.miktex/texmfs/install/tex/latex/00miktex/epstopdf-sys.cfg
File: epstopdf-sys.cfg 2021/03/18 v2.0 Configuration of epstopdf for MiKTeX
))
Package hyperref Info: Link coloring ON on input line 71.
(./nonparametric_presentation.out) (./nonparametric_presentation.out)
\@outlinefile=\write5

\openout5 = nonparametric_presentation.out

(/home/anonymous/.miktex/texmfs/install/tex/latex/translator/translator-basic-d
ictionary-English.dict
Dictionary: translator-basic-dictionary, Language: English 
)
(/home/anonymous/.miktex/texmfs/install/tex/latex/translator/translator-bibliog
raphy-dictionary-English.dict
Dictionary: translator-bibliography-dictionary, Language: English 
)
(/home/anonymous/.miktex/texmfs/install/tex/latex/translator/translator-environ
ment-dictionary-English.dict
Dictionary: translator-environment-dictionary, Language: English 
)
(/home/anonymous/.miktex/texmfs/install/tex/latex/translator/translator-months-
dictionary-English.dict
Dictionary: translator-months-dictionary, Language: English 
)
(/home/anonymous/.miktex/texmfs/install/tex/latex/translator/translator-numbers
-dictionary-English.dict
Dictionary: translator-numbers-dictionary, Language: English 
)
(/home/anonymous/.miktex/texmfs/install/tex/latex/translator/translator-theorem
-dictionary-English.dict
Dictionary: translator-theorem-dictionary, Language: English 
)
\c@lstlisting=\count372
 (./nonparametric_presentation.nav)

Package hyperref Warning: Option `pdfauthor' has already been used,
(hyperref)                setting the option has no effect on input line 75.


\openout4 = nonparametric_presentation.vrb
(./nonparametric_presentation.vrb
warning  (file 8.1-logo SU ENG White horizontal.pdf) (pdf inclusion): PDF inclus
ion: found PDF version '1.6', but at most version '1.5' allowed
<8.1-logo SU ENG White horizontal.pdf, id=76, 128.48pt x 111.7505pt>
File: 8.1-logo SU ENG White horizontal.pdf Graphic file (type pdf)
<use 8.1-logo SU ENG White horizontal.pdf>
Package luatex.def Info: 8.1-logo SU ENG White horizontal.pdf  used on input li
ne 1.
(luatex.def)             Requested size: 64.23984pt x 55.8751pt.
) [1

{/home/anonymous/.miktex/texmfs/data/fonts/map/pdftex/pdftex.map}<./8.1-logo SU 
ENG White horizontal.pdf>]
\openout4 = nonparametric_presentation.vrb
 (./nonparametric_presentation.vrb
(./nonparametric_presentation.toc)) [2

]
\openout4 = nonparametric_presentation.vrb
 (./nonparametric_presentation.vrb)
[3

]
\openout4 = nonparametric_presentation.vrb
 (./nonparametric_presentation.vrb
LaTeX Font Info:    Font shape `TU/lmss/m/it' in size <10.95> not available
(Font)              Font shape `TU/lmss/m/sl' tried instead on input line 8.
LaTeX Font Info:    Trying to load font information for OT1+ppl on input line 9
.

(/home/anonymous/.miktex/texmfs/install/tex/latex/psnfss/ot1ppl.fd
File: ot1ppl.fd 2001/06/04 font definitions for OT1/ppl.
)
LaTeX Font Info:    Trying to load font information for OML+zplm on input line 
9.

(/home/anonymous/.miktex/texmfs/install/tex/latex/psnfss/omlzplm.fd
File: omlzplm.fd 2002/09/08 Fontinst v1.914 font definitions for OML/zplm.
)
LaTeX Font Info:    Trying to load font information for OMS+zplm on input line 
9.

(/home/anonymous/.miktex/texmfs/install/tex/latex/psnfss/omszplm.fd
File: omszplm.fd 2002/09/08 Fontinst v1.914 font definitions for OMS/zplm.
)
LaTeX Font Info:    Trying to load font information for OMX+zplm on input line 
9.

(/home/anonymous/.miktex/texmfs/install/tex/latex/psnfss/omxzplm.fd
File: omxzplm.fd 2002/09/08 Fontinst v1.914 font definitions for OMX/zplm.
)
LaTeX Font Info:    Font shape `U/msa/m/n' will be
(Font)              scaled to size 11.40997pt on input line 9.
LaTeX Font Info:    Font shape `U/msa/m/n' will be
(Font)              scaled to size 8.33606pt on input line 9.
LaTeX Font Info:    Font shape `U/msa/m/n' will be
(Font)              scaled to size 6.25204pt on input line 9.
LaTeX Font Info:    Font shape `U/msb/m/n' will be
(Font)              scaled to size 11.40997pt on input line 9.
LaTeX Font Info:    Font shape `U/msb/m/n' will be
(Font)              scaled to size 8.33606pt on input line 9.
LaTeX Font Info:    Font shape `U/msb/m/n' will be
(Font)              scaled to size 6.25204pt on input line 9.
LaTeX Font Info:    Trying to load font information for OT1+zplm on input line 
9.

(/home/anonymous/.miktex/texmfs/install/tex/latex/psnfss/ot1zplm.fd
File: ot1zplm.fd 2002/09/08 Fontinst v1.914 font definitions for OT1/zplm.
)
LaTeX Font Info:    Font shape `TU/lmss/m/it' in size <8> not available
(Font)              Font shape `TU/lmss/m/sl' tried instead on input line 9.
LaTeX Font Info:    Font shape `TU/lmss/m/it' in size <6> not available
(Font)              Font shape `TU/lmss/m/sl' tried instead on input line 9.
LaTeX Font Info:    Trying to load font information for U+fplmbb on input line 
9.

(/home/anonymous/.miktex/texmfs/install/tex/latex/psnfss/ufplmbb.fd
File: ufplmbb.fd 2003/10/30 Fontinst v1.914 font definitions for U/fplmbb.
)) [4

]
warning  (file ./version 2/hist_outputs/hist_fd_gaussian_bw_nrd0.pdf) (pdf inclu
sion): PDF inclusion: found PDF version '1.7', but at most version '1.5' allowed

<./version 2/hist_outputs/hist_fd_gaussian_bw_nrd0.pdf, id=270, 722.7pt x 433.6
2pt>
File: ./version 2/hist_outputs/hist_fd_gaussian_bw_nrd0.pdf Graphic file (type 
pdf)
<use ./version 2/hist_outputs/hist_fd_gaussian_bw_nrd0.pdf>
Package luatex.def Info: ./version 2/hist_outputs/hist_fd_gaussian_bw_nrd0.pdf 
 used on input line 128.
(luatex.def)             Requested size: 256.72018pt x 154.0321pt.
[5

<./version 2/hist_outputs/hist_fd_gaussian_bw_nrd0.pdf>]
warning  (file ./version 2/hist_outputs_weekly/hist_fd_gaussian_bw_nrd0.pdf) (pd
f inclusion): PDF inclusion: found PDF version '1.7', but at most version '1.5' 
allowed
<./version 2/hist_outputs_weekly/hist_fd_gaussian_bw_nrd0.pdf, id=321, 722.7pt 
x 433.62pt>
File: ./version 2/hist_outputs_weekly/hist_fd_gaussian_bw_nrd0.pdf Graphic file
 (type pdf)
<use ./version 2/hist_outputs_weekly/hist_fd_gaussian_bw_nrd0.pdf>
Package luatex.def Info: ./version 2/hist_outputs_weekly/hist_fd_gaussian_bw_nr
d0.pdf  used on input line 136.
(luatex.def)             Requested size: 256.72018pt x 154.0321pt.
[6

<./version 2/hist_outputs_weekly/hist_fd_gaussian_bw_nrd0.pdf>]
warning  (file ./version 2/hist_outputs_monthly/hist_fd_gaussian_bw_nrd0.pdf) (p
df inclusion): PDF inclusion: found PDF version '1.7', but at most version '1.5'
 allowed
<./version 2/hist_outputs_monthly/hist_fd_gaussian_bw_nrd0.pdf, id=372, 722.7pt
 x 433.62pt>
File: ./version 2/hist_outputs_monthly/hist_fd_gaussian_bw_nrd0.pdf Graphic fil
e (type pdf)
<use ./version 2/hist_outputs_monthly/hist_fd_gaussian_bw_nrd0.pdf>
Package luatex.def Info: ./version 2/hist_outputs_monthly/hist_fd_gaussian_bw_n
rd0.pdf  used on input line 144.
(luatex.def)             Requested size: 256.72018pt x 154.0321pt.
[7

<./version 2/hist_outputs_monthly/hist_fd_gaussian_bw_nrd0.pdf>]
warning  (file ./version 2/hist_outputs_yearly/hist_bins30_gaussian_bw_nrd0.pdf)
 (pdf inclusion): PDF inclusion: found PDF version '1.7', but at most version '1
.5' allowed
<./version 2/hist_outputs_yearly/hist_bins30_gaussian_bw_nrd0.pdf, id=422, 722.
7pt x 433.62pt>
File: ./version 2/hist_outputs_yearly/hist_bins30_gaussian_bw_nrd0.pdf Graphic 
file (type pdf)
<use ./version 2/hist_outputs_yearly/hist_bins30_gaussian_bw_nrd0.pdf>
Package luatex.def Info: ./version 2/hist_outputs_yearly/hist_bins30_gaussian_b
w_nrd0.pdf  used on input line 152.
(luatex.def)             Requested size: 256.72018pt x 154.0321pt.
[8

<./version 2/hist_outputs_yearly/hist_bins30_gaussian_bw_nrd0.pdf>] [9

]
[10

] [11

] [12

] [13

] [14

] [15

]
warning  (file ./version 2/hist_outputs/bw_overlays/bw_bw_nrd0_fd_overlay.pdf) (
pdf inclusion): PDF inclusion: found PDF version '1.7', but at most version '1.5
' allowed
<./version 2/hist_outputs/bw_overlays/bw_bw_nrd0_fd_overlay.pdf, id=697, 722.7p
t x 433.62pt>
File: ./version 2/hist_outputs/bw_overlays/bw_bw_nrd0_fd_overlay.pdf Graphic fi
le (type pdf)
<use ./version 2/hist_outputs/bw_overlays/bw_bw_nrd0_fd_overlay.pdf>
Package luatex.def Info: ./version 2/hist_outputs/bw_overlays/bw_bw_nrd0_fd_ove
rlay.pdf  used on input line 275.
(luatex.def)             Requested size: 256.72018pt x 154.0321pt.
[16

<./version 2/hist_outputs/bw_overlays/bw_bw_nrd0_fd_overlay.pdf>]
warning  (file ./version 2/hist_outputs_weekly/bw_overlays/bw_bw_nrd0_fd_overlay
.pdf) (pdf inclusion): PDF inclusion: found PDF version '1.7', but at most versi
on '1.5' allowed
<./version 2/hist_outputs_weekly/bw_overlays/bw_bw_nrd0_fd_overlay.pdf, id=743,
 722.7pt x 433.62pt>
File: ./version 2/hist_outputs_weekly/bw_overlays/bw_bw_nrd0_fd_overlay.pdf Gra
phic file (type pdf)
<use ./version 2/hist_outputs_weekly/bw_overlays/bw_bw_nrd0_fd_overlay.pdf>
Package luatex.def Info: ./version 2/hist_outputs_weekly/bw_overlays/bw_bw_nrd0
_fd_overlay.pdf  used on input line 283.
(luatex.def)             Requested size: 256.72018pt x 154.0321pt.
[17

<./version 2/hist_outputs_weekly/bw_overlays/bw_bw_nrd0_fd_overlay.pdf>]
warning  (file ./version 2/hist_outputs_monthly/bw_overlays/bw_bw_nrd0_fd_overla
y.pdf) (pdf inclusion): PDF inclusion: found PDF version '1.7', but at most vers
ion '1.5' allowed
<./version 2/hist_outputs_monthly/bw_overlays/bw_bw_nrd0_fd_overlay.pdf, id=788
, 722.7pt x 433.62pt>
File: ./version 2/hist_outputs_monthly/bw_overlays/bw_bw_nrd0_fd_overlay.pdf Gr
aphic file (type pdf)
<use ./version 2/hist_outputs_monthly/bw_overlays/bw_bw_nrd0_fd_overlay.pdf>
Package luatex.def Info: ./version 2/hist_outputs_monthly/bw_overlays/bw_bw_nrd
0_fd_overlay.pdf  used on input line 291.
(luatex.def)             Requested size: 256.72018pt x 154.0321pt.
[18

<./version 2/hist_outputs_monthly/bw_overlays/bw_bw_nrd0_fd_overlay.pdf>]
warning  (file ./version 2/hist_outputs_yearly/bw_overlays/bw_bw_nrd0_fd_overlay
.pdf) (pdf inclusion): PDF inclusion: found PDF version '1.7', but at most versi
on '1.5' allowed
<./version 2/hist_outputs_yearly/bw_overlays/bw_bw_nrd0_fd_overlay.pdf, id=833,
 722.7pt x 433.62pt>
File: ./version 2/hist_outputs_yearly/bw_overlays/bw_bw_nrd0_fd_overlay.pdf Gra
phic file (type pdf)
<use ./version 2/hist_outputs_yearly/bw_overlays/bw_bw_nrd0_fd_overlay.pdf>
Package luatex.def Info: ./version 2/hist_outputs_yearly/bw_overlays/bw_bw_nrd0
_fd_overlay.pdf  used on input line 299.
(luatex.def)             Requested size: 256.72018pt x 154.0321pt.
[19

<./version 2/hist_outputs_yearly/bw_overlays/bw_bw_nrd0_fd_overlay.pdf>]
warning  (file ./version 2/hist_outputs/kernel_overlays/kernel_rectangular_fd_ov
erlay.pdf) (pdf inclusion): PDF inclusion: found PDF version '1.7', but at most 
version '1.5' allowed
<./version 2/hist_outputs/kernel_overlays/kernel_rectangular_fd_overlay.pdf, id
=878, 722.7pt x 433.62pt>
File: ./version 2/hist_outputs/kernel_overlays/kernel_rectangular_fd_overlay.pd
f Graphic file (type pdf)
<use ./version 2/hist_outputs/kernel_overlays/kernel_rectangular_fd_overlay.pdf
>
Package luatex.def Info: ./version 2/hist_outputs/kernel_overlays/kernel_rectan
gular_fd_overlay.pdf  used on input line 307.
(luatex.def)             Requested size: 256.72018pt x 154.0321pt.
[20

<./version 2/hist_outputs/kernel_overlays/kernel_rectangular_fd_overlay.pdf>]
warning  (file ./version 2/hist_outputs_weekly/kernel_overlays/kernel_rectangula
r_fd_overlay.pdf) (pdf inclusion): PDF inclusion: found PDF version '1.7', but a
t most version '1.5' allowed
<./version 2/hist_outputs_weekly/kernel_overlays/kernel_rectangular_fd_overlay.
pdf, id=923, 722.7pt x 433.62pt>
File: ./version 2/hist_outputs_weekly/kernel_overlays/kernel_rectangular_fd_ove
rlay.pdf Graphic file (type pdf)
<use ./version 2/hist_outputs_weekly/kernel_overlays/kernel_rectangular_fd_over
lay.pdf>
Package luatex.def Info: ./version 2/hist_outputs_weekly/kernel_overlays/kernel
_rectangular_fd_overlay.pdf  used on input line 315.
(luatex.def)             Requested size: 256.72018pt x 154.0321pt.
[21

<./version 2/hist_outputs_weekly/kernel_overlays/kernel_rectangular_fd_overlay.p
df>]
warning  (file ./version 2/hist_outputs_monthly/kernel_overlays/kernel_rectangul
ar_fd_overlay.pdf) (pdf inclusion): PDF inclusion: found PDF version '1.7', but 
at most version '1.5' allowed
<./version 2/hist_outputs_monthly/kernel_overlays/kernel_rectangular_fd_overlay
.pdf, id=969, 722.7pt x 433.62pt>
File: ./version 2/hist_outputs_monthly/kernel_overlays/kernel_rectangular_fd_ov
erlay.pdf Graphic file (type pdf)
<use ./version 2/hist_outputs_monthly/kernel_overlays/kernel_rectangular_fd_ove
rlay.pdf>
Package luatex.def Info: ./version 2/hist_outputs_monthly/kernel_overlays/kerne
l_rectangular_fd_overlay.pdf  used on input line 323.
(luatex.def)             Requested size: 256.72018pt x 154.0321pt.
[22

<./version 2/hist_outputs_monthly/kernel_overlays/kernel_rectangular_fd_overlay.
pdf>]
warning  (file ./version 2/hist_outputs_yearly/kernel_overlays/kernel_rectangula
r_fd_overlay.pdf) (pdf inclusion): PDF inclusion: found PDF version '1.7', but a
t most version '1.5' allowed
<./version 2/hist_outputs_yearly/kernel_overlays/kernel_rectangular_fd_overlay.
pdf, id=1013, 722.7pt x 433.62pt>
File: ./version 2/hist_outputs_yearly/kernel_overlays/kernel_rectangular_fd_ove
rlay.pdf Graphic file (type pdf)
<use ./version 2/hist_outputs_yearly/kernel_overlays/kernel_rectangular_fd_over
lay.pdf>
Package luatex.def Info: ./version 2/hist_outputs_yearly/kernel_overlays/kernel
_rectangular_fd_overlay.pdf  used on input line 331.
(luatex.def)             Requested size: 256.72018pt x 154.0321pt.
[23

<./version 2/hist_outputs_yearly/kernel_overlays/kernel_rectangular_fd_overlay.p
df>]
warning  (file ./version 2/local_regressions/daily/daily_locreg_rectangular_nrd0
.pdf) (pdf inclusion): PDF inclusion: found PDF version '1.7', but at most versi
on '1.5' allowed
<./version 2/local_regressions/daily/daily_locreg_rectangular_nrd0.pdf, id=1057
, 722.7pt x 433.62pt>
File: ./version 2/local_regressions/daily/daily_locreg_rectangular_nrd0.pdf Gra
phic file (type pdf)
<use ./version 2/local_regressions/daily/daily_locreg_rectangular_nrd0.pdf>
Package luatex.def Info: ./version 2/local_regressions/daily/daily_locreg_recta
ngular_nrd0.pdf  used on input line 340.
(luatex.def)             Requested size: 256.72018pt x 154.0321pt.
[24

<./version 2/local_regressions/daily/daily_locreg_rectangular_nrd0.pdf>]
warning  (file ./version 2/local_regressions/weekly/weekly_locreg_rectangular_nr
d0.pdf) (pdf inclusion): PDF inclusion: found PDF version '1.7', but at most ver
sion '1.5' allowed
<./version 2/local_regressions/weekly/weekly_locreg_rectangular_nrd0.pdf, id=11
03, 722.7pt x 433.62pt>
File: ./version 2/local_regressions/weekly/weekly_locreg_rectangular_nrd0.pdf G
raphic file (type pdf)
<use ./version 2/local_regressions/weekly/weekly_locreg_rectangular_nrd0.pdf>
Package luatex.def Info: ./version 2/local_regressions/weekly/weekly_locreg_rec
tangular_nrd0.pdf  used on input line 348.
(luatex.def)             Requested size: 256.72018pt x 154.0321pt.
[25

<./version 2/local_regressions/weekly/weekly_locreg_rectangular_nrd0.pdf>]
warning  (file ./version 2/local_regressions/monthly/monthly_locreg_rectangular_
nrd0.pdf) (pdf inclusion): PDF inclusion: found PDF version '1.7', but at most v
ersion '1.5' allowed
<./version 2/local_regressions/monthly/monthly_locreg_rectangular_nrd0.pdf, id=
1148, 722.7pt x 433.62pt>
File: ./version 2/local_regressions/monthly/monthly_locreg_rectangular_nrd0.pdf
 Graphic file (type pdf)
<use ./version 2/local_regressions/monthly/monthly_locreg_rectangular_nrd0.pdf>

Package luatex.def Info: ./version 2/local_regressions/monthly/monthly_locreg_r
ectangular_nrd0.pdf  used on input line 356.
(luatex.def)             Requested size: 256.72018pt x 154.0321pt.
[26

<./version 2/local_regressions/monthly/monthly_locreg_rectangular_nrd0.pdf>]
warning  (file ./version 2/local_regressions/yearly/yearly_locreg_rectangular_nr
d0.pdf) (pdf inclusion): PDF inclusion: found PDF version '1.7', but at most ver
sion '1.5' allowed
<./version 2/local_regressions/yearly/yearly_locreg_rectangular_nrd0.pdf, id=11
92, 722.7pt x 433.62pt>
File: ./version 2/local_regressions/yearly/yearly_locreg_rectangular_nrd0.pdf G
raphic file (type pdf)
<use ./version 2/local_regressions/yearly/yearly_locreg_rectangular_nrd0.pdf>
Package luatex.def Info: ./version 2/local_regressions/yearly/yearly_locreg_rec
tangular_nrd0.pdf  used on input line 364.
(luatex.def)             Requested size: 256.72018pt x 154.0321pt.
[27

<./version 2/local_regressions/yearly/yearly_locreg_rectangular_nrd0.pdf>]
warning  (file ./version 2/quantile_regressions/daily/quantile_overlays/quantile
s_rectangular_nrd0.pdf) (pdf inclusion): PDF inclusion: found PDF version '1.7',
 but at most version '1.5' allowed
<./version 2/quantile_regressions/daily/quantile_overlays/quantiles_rectangular
_nrd0.pdf, id=1236, 722.7pt x 433.62pt>
File: ./version 2/quantile_regressions/daily/quantile_overlays/quantiles_rectan
gular_nrd0.pdf Graphic file (type pdf)
<use ./version 2/quantile_regressions/daily/quantile_overlays/quantiles_rectang
ular_nrd0.pdf>
Package luatex.def Info: ./version 2/quantile_regressions/daily/quantile_overla
ys/quantiles_rectangular_nrd0.pdf  used on input line 373.
(luatex.def)             Requested size: 256.72018pt x 154.0321pt.
[28

<./version 2/quantile_regressions/daily/quantile_overlays/quantiles_rectangular_
nrd0.pdf>]
warning  (file ./version 2/quantile_regressions/weekly/quantile_overlays/quantil
es_rectangular_nrd0.pdf) (pdf inclusion): PDF inclusion: found PDF version '1.7'
, but at most version '1.5' allowed
<./version 2/quantile_regressions/weekly/quantile_overlays/quantiles_rectangula
r_nrd0.pdf, id=1282, 722.7pt x 433.62pt>
File: ./version 2/quantile_regressions/weekly/quantile_overlays/quantiles_recta
ngular_nrd0.pdf Graphic file (type pdf)
<use ./version 2/quantile_regressions/weekly/quantile_overlays/quantiles_rectan
gular_nrd0.pdf>
Package luatex.def Info: ./version 2/quantile_regressions/weekly/quantile_overl
ays/quantiles_rectangular_nrd0.pdf  used on input line 380.
(luatex.def)             Requested size: 256.72018pt x 154.0321pt.
[29

<./version 2/quantile_regressions/weekly/quantile_overlays/quantiles_rectangular
_nrd0.pdf>]
warning  (file ./version 2/quantile_regressions/monthly/quantile_overlays/quanti
les_rectangular_nrd0.pdf) (pdf inclusion): PDF inclusion: found PDF version '1.7
', but at most version '1.5' allowed
<./version 2/quantile_regressions/monthly/quantile_overlays/quantiles_rectangul
ar_nrd0.pdf, id=1327, 722.7pt x 433.62pt>
File: ./version 2/quantile_regressions/monthly/quantile_overlays/quantiles_rect
angular_nrd0.pdf Graphic file (type pdf)
<use ./version 2/quantile_regressions/monthly/quantile_overlays/quantiles_recta
ngular_nrd0.pdf>
Package luatex.def Info: ./version 2/quantile_regressions/monthly/quantile_over
lays/quantiles_rectangular_nrd0.pdf  used on input line 387.
(luatex.def)             Requested size: 256.72018pt x 154.0321pt.
[30

<./version 2/quantile_regressions/monthly/quantile_overlays/quantiles_rectangula
r_nrd0.pdf>]
warning  (file ./version 2/quantile_regressions/yearly/quantile_overlays/quantil
es_rectangular_nrd0.pdf) (pdf inclusion): PDF inclusion: found PDF version '1.7'
, but at most version '1.5' allowed
<./version 2/quantile_regressions/yearly/quantile_overlays/quantiles_rectangula
r_nrd0.pdf, id=1371, 722.7pt x 433.62pt>
File: ./version 2/quantile_regressions/yearly/quantile_overlays/quantiles_recta
ngular_nrd0.pdf Graphic file (type pdf)
<use ./version 2/quantile_regressions/yearly/quantile_overlays/quantiles_rectan
gular_nrd0.pdf>
Package luatex.def Info: ./version 2/quantile_regressions/yearly/quantile_overl
ays/quantiles_rectangular_nrd0.pdf  used on input line 394.
(luatex.def)             Requested size: 256.72018pt x 154.0321pt.
[31

<./version 2/quantile_regressions/yearly/quantile_overlays/quantiles_rectangular
_nrd0.pdf>]
warning  (file ./version 2/quantile_regressions/daily/comparison/comparison_tau0
.975.pdf) (pdf inclusion): PDF inclusion: found PDF version '1.7', but at most v
ersion '1.5' allowed
<./version 2/quantile_regressions/daily/comparison/comparison_tau0.975.pdf, id=
1416, 722.7pt x 433.62pt>
File: ./version 2/quantile_regressions/daily/comparison/comparison_tau0.975.pdf
 Graphic file (type pdf)
<use ./version 2/quantile_regressions/daily/comparison/comparison_tau0.975.pdf>

Package luatex.def Info: ./version 2/quantile_regressions/daily/comparison/comp
arison_tau0.975.pdf  used on input line 404.
(luatex.def)             Requested size: 256.72018pt x 154.0321pt.
[32

<./version 2/quantile_regressions/daily/comparison/comparison_tau0.975.pdf>]
warning  (file ./version 2/quantile_regressions/weekly/comparison/comparison_tau
0.975.pdf) (pdf inclusion): PDF inclusion: found PDF version '1.7', but at most 
version '1.5' allowed
<./version 2/quantile_regressions/weekly/comparison/comparison_tau0.975.pdf, id
=1462, 722.7pt x 433.62pt>
File: ./version 2/quantile_regressions/weekly/comparison/comparison_tau0.975.pd
f Graphic file (type pdf)
<use ./version 2/quantile_regressions/weekly/comparison/comparison_tau0.975.pdf
>
Package luatex.def Info: ./version 2/quantile_regressions/weekly/comparison/com
parison_tau0.975.pdf  used on input line 411.
(luatex.def)             Requested size: 256.72018pt x 154.0321pt.
[33

<./version 2/quantile_regressions/weekly/comparison/comparison_tau0.975.pdf>]
warning  (file ./version 2/quantile_regressions/monthly/comparison/comparison_ta
u0.975.pdf) (pdf inclusion): PDF inclusion: found PDF version '1.7', but at most
 version '1.5' allowed
<./version 2/quantile_regressions/monthly/comparison/comparison_tau0.975.pdf, i
d=1507, 722.7pt x 433.62pt>
File: ./version 2/quantile_regressions/monthly/comparison/comparison_tau0.975.p
df Graphic file (type pdf)
<use ./version 2/quantile_regressions/monthly/comparison/comparison_tau0.975.pd
f>
Package luatex.def Info: ./version 2/quantile_regressions/monthly/comparison/co
mparison_tau0.975.pdf  used on input line 419.
(luatex.def)             Requested size: 256.72018pt x 154.0321pt.
[34

<./version 2/quantile_regressions/monthly/comparison/comparison_tau0.975.pdf>]
warning  (file ./version 2/quantile_regressions/yearly/comparison/comparison_tau
0.975.pdf) (pdf inclusion): PDF inclusion: found PDF version '1.7', but at most 
version '1.5' allowed
<./version 2/quantile_regressions/yearly/comparison/comparison_tau0.975.pdf, id
=1551, 722.7pt x 433.62pt>
File: ./version 2/quantile_regressions/yearly/comparison/comparison_tau0.975.pd
f Graphic file (type pdf)
<use ./version 2/quantile_regressions/yearly/comparison/comparison_tau0.975.pdf
>
Package luatex.def Info: ./version 2/quantile_regressions/yearly/comparison/com
parison_tau0.975.pdf  used on input line 426.
(luatex.def)             Requested size: 256.72018pt x 154.0321pt.
[35

<./version 2/quantile_regressions/yearly/comparison/comparison_tau0.975.pdf>] [
36

] [37

] [38

]
\tf@nav=\write6

\openout6 = nonparametric_presentation.nav
\tf@toc=\write7

\openout7 = nonparametric_presentation.toc
\tf@snm=\write8

\openout8 = nonparametric_presentation.snm
 (./nonparametric_presentation.aux)
 ***********
LaTeX2e <2025-11-01>
L3 programming layer <2026-01-19>
 ***********
Package rerunfilecheck Info: File `nonparametric_presentation.out' has not chan
ged.
(rerunfilecheck)             Checksum: 97465B2B985DC4815A82D46A5EA3EE0B;1924.
)

Here is how much of LuaTeX's memory you used:
 24305 strings out of 476076
 100000,953878 words of node,token memory allocated
 2659 words of node memory still in use:
   38 hlist, 11 vlist, 9 rule, 4 disc, 6 local_par, 79 glue, 16 kern, 18 penalty
, 61 glyph, 93 attribute, 61 glue_spec, 93 attribute_list, 4 write, 2 pdf_start_
link, 2 pdf_end_link, 2 pdf_action, 38 pdf_colorstack nodes
   avail lists: 2:1036,3:520,4:532,5:239,6:90,7:2930,8:49,9:763,10:16,11:168
 45739 multiletter control sequences out of 65536+600000
 82 fonts using 5488231 bytes
 128i,16n,116p,444b,695s stack positions out of 10000i,1000n,20000p,200000b,200000s
{/usr/local/share/miktex-texmf/fonts/enc/dvips/base/8r.enc}</home/anonymous/.mik
tex/texmfs/install/fonts/opentype/public/lm/lmsans10-oblique.otf></home/anonymou
s/.miktex/texmfs/install/fonts/opentype/public/lm/lmsans10-bold.otf></home/anony
mous/.miktex/texmfs/install/fonts/opentype/public/lm/lmsans9-regular.otf></home/
anonymous/.miktex/texmfs/install/fonts/opentype/public/lm/lmsans8-regular.otf></
home/anonymous/.miktex/texmfs/install/fonts/opentype/public/lm/lmsans10-regular.
otf></home/anonymous/.miktex/texmfs/install/fonts/opentype/public/lm/lmsans12-re
gular.otf></home/anonymous/.miktex/texmfs/install/fonts/type1/public/amsfonts/cm
/cmex10.pfb></home/anonymous/.miktex/texmfs/install/fonts/type1/public/amsfonts/
cm/cmr10.pfb></home/anonymous/.miktex/texmfs/install/fonts/type1/public/amsfonts
/cm/cmsy10.pfb></home/anonymous/.miktex/texmfs/install/fonts/type1/public/mathpa
zo/fplmbb.pfb></home/anonymous/.miktex/texmfs/install/fonts/type1/public/mathpaz
o/fplmr.pfb></home/anonymous/.miktex/texmfs/install/fonts/type1/public/mathpazo/
fplmri.pfb></home/anonymous/.miktex/texmfs/install/fonts/type1/urw/palatino/uplr
8a.pfb></home/anonymous/.miktex/texmfs/install/fonts/type1/urw/palatino/uplri8a.
pfb>
Output written on nonparametric_presentation.pdf (38 pages, 1832115 bytes).

PDF statistics: 1754 PDF objects out of 2073 (max. 8388607)
 89 named destinations out of 1000 (max. 1048576)
 272 words of extra memory for PDF output out of 10000 (max. 100000000)

