This is LuaHBTeX, Version 1.22.0 (MiKTeX 25.4) (format=lualatex 2025.11.28)  28 NOV 2025 17:38
 restricted system commands enabled.
**"Pre-Covid (2019) Sofia Real Estate Econometric Analysis of Market Conditions
 -R402-Riste Petrov.tex"

("./Pre-Covid (2019) Sofia Real Estate Econometric Analysis of Market Condition
s -R402-Riste Petrov.tex"
LaTeX2e <2025-11-01>
L3 programming layer <2025-11-06>
Lua module: luaotfload 2024-12-03 v3.29 Lua based OpenType font support
Lua module: lualibs 2023-07-13 v2.76 ConTeXt Lua standard libraries.
Lua module: lualibs-extended 2023-07-13 v2.76 ConTeXt Lua libraries -- extended 
collection.
luaotfload | conf : Root cache directory is "/home/anonymous/.miktex/texmfs/data
/luatex-cache/generic/names".
luaotfload | init : Loading fontloader "fontloader-2023-12-28.lua" from kpse-res
olved path "/usr/local/share/miktex-texmf/tex/luatex/luaotfload/fontloader-2023-
12-28.lua".
Lua-only attribute luaotfload@noligature = 1
luaotfload | init : Context OpenType loader version 3.134
Inserting `luaotfload.node_processor' in `pre_linebreak_filter'.
Inserting `luaotfload.node_processor' in `hpack_filter'.
Inserting `luaotfload.glyph_stream' in `glyph_stream_provider'.
Inserting `luaotfload.define_font' in `define_font'.
Lua-only attribute luaotfload_color_attribute = 2
luaotfload | conf : Root cache directory is "/home/anonymous/.miktex/texmfs/data
/luatex-cache/generic/names".
Inserting `luaotfload.harf.strip_prefix' in `find_opentype_file'.
Inserting `luaotfload.harf.strip_prefix' in `find_truetype_file'.
Removing  `luaotfload.glyph_stream' from `glyph_stream_provider'.
Inserting `luaotfload.harf.glyphstream' in `glyph_stream_provider'.
Inserting `luaotfload.harf.finalize_vlist' in `post_linebreak_filter'.
Inserting `luaotfload.harf.finalize_hlist' in `hpack_filter'.
Inserting `luaotfload.cleanup_files' in `wrapup_run'.
Inserting `luaotfload.harf.finalize_unicode' in `finish_pdffile'.
Inserting `luaotfload.glyphinfo' in `glyph_info'.
Lua-only attribute luaotfload.letterspace_done = 3
Inserting `luaotfload.aux.set_sscale_dimens' in `luaotfload.patch_font'.
Inserting `luaotfload.aux.set_font_index' in `luaotfload.patch_font'.
Inserting `luaotfload.aux.patch_cambria_domh' in `luaotfload.patch_font'.
Inserting `luaotfload.aux.fixup_fontdata' in `luaotfload.patch_font_unsafe'.
Inserting `luaotfload.aux.set_capheight' in `luaotfload.patch_font'.
Inserting `luaotfload.aux.set_xheight' in `luaotfload.patch_font'.
Inserting `luaotfload.rewrite_fontname' in `luaotfload.patch_font'.
Inserting `tracingstacklevels' in `input_level_string'. (/usr/local/share/mikte
x-texmf/tex/latex/base/article.cls
Document Class: article 2025/01/22 v1.4n Standard LaTeX document class
(/usr/local/share/miktex-texmf/tex/latex/base/size10.clo
File: size10.clo 2025/01/22 v1.4n Standard LaTeX file (size option)
luaotfload | db : Font names database loaded from /home/anonymous/.miktex/texmfs
/data/luatex-cache/generic/names/luaotfload-names.luc.gz)
\c@part=\count273
\c@section=\count274
\c@subsection=\count275
\c@subsubsection=\count276
\c@paragraph=\count277
\c@subparagraph=\count278
\c@figure=\count279
\c@table=\count280
\abovecaptionskip=\skip49
\belowcaptionskip=\skip50
\bibindent=\dimen147
)
(/home/anonymous/.miktex/texmfs/install/tex/latex/geometry/geometry.sty
Package: geometry 2020/01/02 v5.9 Page Geometry

(/usr/local/share/miktex-texmf/tex/latex/graphics/keyval.sty
Package: keyval 2022/05/29 v1.15 key=value parser (DPC)
\KV@toks@=\toks17
)
(/usr/local/share/miktex-texmf/tex/generic/iftex/ifvtex.sty
Package: ifvtex 2019/10/25 v1.7 ifvtex legacy package. Use iftex instead.

(/usr/local/share/miktex-texmf/tex/generic/iftex/iftex.sty
Package: iftex 2024/12/12 v1.0g TeX engine tests
))
\Gm@cnth=\count281
\Gm@cntv=\count282
\c@Gm@tempcnt=\count283
\Gm@bindingoffset=\dimen148
\Gm@wd@mp=\dimen149
\Gm@odd@mp=\dimen150
\Gm@even@mp=\dimen151
\Gm@layoutwidth=\dimen152
\Gm@layoutheight=\dimen153
\Gm@layouthoffset=\dimen154
\Gm@layoutvoffset=\dimen155
\Gm@dimlist=\toks18

(/home/anonymous/.miktex/texmfs/install/tex/latex/geometry/geometry.cfg))
(/usr/local/share/miktex-texmf/tex/latex/graphics/graphicx.sty
Package: graphicx 2024/12/31 v1.2e Enhanced LaTeX Graphics (DPC,SPQR)

(/usr/local/share/miktex-texmf/tex/latex/graphics/graphics.sty
Package: graphics 2024/08/06 v1.4g Standard LaTeX Graphics (DPC,SPQR)

(/usr/local/share/miktex-texmf/tex/latex/graphics/trig.sty
Package: trig 2023/12/02 v1.11 sin cos tan (DPC)
)
(/usr/local/share/miktex-texmf/tex/latex/graphics-cfg/graphics.cfg
File: graphics.cfg 2016/06/04 v1.11 sample graphics configuration
)
Package graphics Info: Driver file: luatex.def on input line 106.

(/usr/local/share/miktex-texmf/tex/latex/graphics-def/luatex.def
File: luatex.def 2025/09/29 v1.2f Graphics/color driver for luatex
))
\Gin@req@height=\dimen156
\Gin@req@width=\dimen157
)
(/usr/local/share/miktex-texmf/tex/latex/amsmath/amsmath.sty
Package: amsmath 2025/07/09 v2.17z AMS math features
\@mathmargin=\skip51

For additional information on amsmath, use the `?' option.
(/usr/local/share/miktex-texmf/tex/latex/amsmath/amstext.sty
Package: amstext 2024/11/17 v2.01 AMS text

(/usr/local/share/miktex-texmf/tex/latex/amsmath/amsgen.sty
File: amsgen.sty 1999/11/30 v2.0 generic functions
\@emptytoks=\toks19
\ex@=\dimen158
))
(/usr/local/share/miktex-texmf/tex/latex/amsmath/amsbsy.sty
Package: amsbsy 1999/11/29 v1.2d Bold Symbols
\pmbraise@=\dimen159
)
(/usr/local/share/miktex-texmf/tex/latex/amsmath/amsopn.sty
Package: amsopn 2022/04/08 v2.04 operator names
)
\inf@bad=\count284
LaTeX Info: Redefining \frac on input line 235.
\uproot@=\count285
\leftroot@=\count286
LaTeX Info: Redefining \overline on input line 398.
LaTeX Info: Redefining \colon on input line 409.
\classnum@=\count287
\DOTSCASE@=\count288
LaTeX Info: Redefining \ldots on input line 495.
LaTeX Info: Redefining \dots on input line 498.
LaTeX Info: Redefining \cdots on input line 619.
\Mathstrutbox@=\box53
\strutbox@=\box54
LaTeX Info: Redefining \big on input line 721.
LaTeX Info: Redefining \Big on input line 722.
LaTeX Info: Redefining \bigg on input line 723.
LaTeX Info: Redefining \Bigg on input line 724.
\big@size=\dimen160
LaTeX Font Info:    Redeclaring font encoding OML on input line 742.
LaTeX Font Info:    Redeclaring font encoding OMS on input line 743.
\macc@depth=\count289
LaTeX Info: Redefining \bmod on input line 904.
LaTeX Info: Redefining \pmod on input line 909.
LaTeX Info: Redefining \smash on input line 939.
LaTeX Info: Redefining \relbar on input line 969.
LaTeX Info: Redefining \Relbar on input line 970.
\c@MaxMatrixCols=\count290
\dotsspace@=\muskip17
\c@parentequation=\count291
\dspbrk@lvl=\count292
\tag@help=\toks20
\row@=\count293
\column@=\count294
\maxfields@=\count295
\andhelp@=\toks21
\eqnshift@=\dimen161
\alignsep@=\dimen162
\tagshift@=\dimen163
\tagwidth@=\dimen164
\totwidth@=\dimen165
\lineht@=\dimen166
\@envbody=\toks22
\multlinegap=\skip52
\multlinetaggap=\skip53
\mathdisplay@stack=\toks23
LaTeX Info: Redefining \[ on input line 2950.
LaTeX Info: Redefining \] on input line 2951.
)
(/home/anonymous/.miktex/texmfs/install/tex/latex/float/float.sty
Package: float 2001/11/08 v1.3d Float enhancements (AL)
\c@float@type=\count296
\float@exts=\toks24
\float@box=\box55
\@float@everytoks=\toks25
\@floatcapt=\box56
)
(/usr/local/share/miktex-texmf/tex/latex/biblatex/biblatex.sty
Package: biblatex 2025/07/10 v3.21 programmable bibliographies (PK/MW)

(/usr/local/share/miktex-texmf/tex/generic/pdftexcmds/pdftexcmds.sty
Package: pdftexcmds 2020-06-27 v0.33 Utility functions of pdfTeX for LuaTeX (HO
)

(/home/anonymous/.miktex/texmfs/install/tex/generic/infwarerr/infwarerr.sty
Package: infwarerr 2019/12/03 v1.5 Providing info/warning/error messages (HO)
)
(/home/anonymous/.miktex/texmfs/install/tex/generic/ltxcmds/ltxcmds.sty
Package: ltxcmds 2023-12-04 v1.26 LaTeX kernel commands for general use (HO)
)
Package pdftexcmds Info: \pdf@primitive is available.
Package pdftexcmds Info: \pdf@ifprimitive is available.
Package pdftexcmds Info: \pdfdraftmode found.
\pdftexcmds@toks=\toks26
)
(/usr/local/share/miktex-texmf/tex/latex/etoolbox/etoolbox.sty
Package: etoolbox 2025/10/02 v2.5m e-TeX tools for LaTeX (JAW)
\etb@tempcnta=\count297
)
(/home/anonymous/.miktex/texmfs/install/tex/latex/kvoptions/kvoptions.sty
Package: kvoptions 2022-06-15 v3.15 Key value format for package options (HO)

(/home/anonymous/.miktex/texmfs/install/tex/latex/kvsetkeys/kvsetkeys.sty
Package: kvsetkeys 2022-10-05 v1.19 Key value parser (HO)
))
(/home/anonymous/.miktex/texmfs/install/tex/latex/logreq/logreq.sty
Package: logreq 2010/08/04 v1.0 xml request logger
\lrq@indent=\count298

(/home/anonymous/.miktex/texmfs/install/tex/latex/logreq/logreq.def
File: logreq.def 2010/08/04 v1.0 logreq spec v1.0
))
(/usr/local/share/miktex-texmf/tex/latex/base/ifthen.sty
Package: ifthen 2024/03/16 v1.1e Standard LaTeX ifthen package (DPC)
)
(/usr/local/share/miktex-texmf/tex/latex/url/url.sty
\Urlmuskip=\muskip18
Package: url 2013/09/16  ver 3.4  Verb mode for urls, etc.
)
\c@tabx@nest=\count299
\c@listtotal=\count300
\c@listcount=\count301
\c@liststart=\count302
\c@liststop=\count303
\c@citecount=\count304
\c@citetotal=\count305
\c@multicitecount=\count306
\c@multicitetotal=\count307
\c@instcount=\count308
\c@maxnames=\count309
\c@minnames=\count310
\c@maxitems=\count311
\c@minitems=\count312
\c@citecounter=\count313
\c@maxcitecounter=\count314
\c@savedcitecounter=\count315
\c@uniquelist=\count316
\c@uniquename=\count317
\c@refsection=\count318
\c@refsegment=\count319
\c@maxextratitle=\count320
\c@maxextratitleyear=\count321
\c@maxextraname=\count322
\c@maxextradate=\count323
\c@maxextraalpha=\count324
\c@abbrvpenalty=\count325
\c@highnamepenalty=\count326
\c@lownamepenalty=\count327
\c@maxparens=\count328
\c@parenlevel=\count329
\blx@tempcnta=\count330
\blx@tempcntb=\count331
\blx@tempcntc=\count332
\c@blx@maxsection=\count333
\blx@maxsegment@0=\count334
\blx@notetype=\count335
\blx@parenlevel@text=\count336
\blx@parenlevel@foot=\count337
\blx@sectionciteorder@0=\count338
\blx@sectionciteorderinternal@0=\count339
\blx@entrysetcounter=\count340
\blx@biblioinstance=\count341
\labelnumberwidth=\skip54
\labelalphawidth=\skip55
\biblabelsep=\skip56
\bibitemsep=\skip57
\bibnamesep=\skip58
\bibinitsep=\skip59
\bibparsep=\skip60
\bibhang=\skip61
\blx@bcfin=\read2
\blx@bcfout=\write3
\blx@langwohyphens=\language1
\c@mincomprange=\count342
\c@maxcomprange=\count343
\c@mincompwidth=\count344
Package biblatex Info: Trying to load biblatex default data model...
Package biblatex Info: ... file 'blx-dm.def' found.

(/usr/local/share/miktex-texmf/tex/latex/biblatex/blx-dm.def
File: blx-dm.def 2025/07/10 v3.21 biblatex datamodel (PK/MW)
)
Package biblatex Info: Trying to load biblatex style data model...
Package biblatex Info: ... file 'apa.dbx' found.

(/home/anonymous/.miktex/texmfs/install/tex/latex/biblatex-apa/apa.dbx
File: apa.dbx 2025/08/27 v9.20 APA biblatex style data model
)
Package biblatex Info: Trying to load biblatex custom data model...
Package biblatex Info: ... file 'biblatex-dm.cfg' not found.
\c@afterword=\count345
\c@savedafterword=\count346
\c@annotator=\count347
\c@savedannotator=\count348
\c@author=\count349
\c@savedauthor=\count350
\c@bookauthor=\count351
\c@savedbookauthor=\count352
\c@commentator=\count353
\c@savedcommentator=\count354
\c@editor=\count355
\c@savededitor=\count356
\c@editora=\count357
\c@savededitora=\count358
\c@editorb=\count359
\c@savededitorb=\count360
\c@editorc=\count361
\c@savededitorc=\count362
\c@foreword=\count363
\c@savedforeword=\count364
\c@holder=\count365
\c@savedholder=\count366
\c@introduction=\count367
\c@savedintroduction=\count368
\c@namea=\count369
\c@savednamea=\count370
\c@nameb=\count371
\c@savednameb=\count372
\c@namec=\count373
\c@savednamec=\count374
\c@translator=\count375
\c@savedtranslator=\count376
\c@shortauthor=\count377
\c@savedshortauthor=\count378
\c@shorteditor=\count379
\c@savedshorteditor=\count380
\c@narrator=\count381
\c@savednarrator=\count382
\c@execproducer=\count383
\c@savedexecproducer=\count384
\c@execdirector=\count385
\c@savedexecdirector=\count386
\c@with=\count387
\c@savedwith=\count388
\c@labelname=\count389
\c@savedlabelname=\count390
\c@institution=\count391
\c@savedinstitution=\count392
\c@lista=\count393
\c@savedlista=\count394
\c@listb=\count395
\c@savedlistb=\count396
\c@listc=\count397
\c@savedlistc=\count398
\c@listd=\count399
\c@savedlistd=\count400
\c@liste=\count401
\c@savedliste=\count402
\c@listf=\count403
\c@savedlistf=\count404
\c@location=\count405
\c@savedlocation=\count406
\c@organization=\count407
\c@savedorganization=\count408
\c@origlocation=\count409
\c@savedoriglocation=\count410
\c@origpublisher=\count411
\c@savedorigpublisher=\count412
\c@publisher=\count413
\c@savedpublisher=\count414
\c@language=\count415
\c@savedlanguage=\count416
\c@origlanguage=\count417
\c@savedoriglanguage=\count418
\c@citation=\count419
\c@savedcitation=\count420
\c@pageref=\count421
\c@savedpageref=\count422
\shorthandwidth=\skip62
\shortjournalwidth=\skip63
\shortserieswidth=\skip64
\shorttitlewidth=\skip65
\shortauthorwidth=\skip66
\shorteditorwidth=\skip67
\locallabelnumberwidth=\skip68
\locallabelalphawidth=\skip69
\localshorthandwidth=\skip70
\localshortjournalwidth=\skip71
\localshortserieswidth=\skip72
\localshorttitlewidth=\skip73
\localshortauthorwidth=\skip74
\localshorteditorwidth=\skip75
Package biblatex Info: Trying to load enhanced support for Unicode engines...
Package biblatex Info: ... file 'blx-unicode.def' found.

(/usr/local/share/miktex-texmf/tex/latex/biblatex/blx-unicode.def)
Package biblatex Info: Trying to load compatibility code...
Package biblatex Info: ... file 'blx-compat.def' found.

(/usr/local/share/miktex-texmf/tex/latex/biblatex/blx-compat.def
File: blx-compat.def 2025/07/10 v3.21 biblatex compatibility (PK/MW)
)
Package biblatex Info: Trying to load generic definitions...
Package biblatex Info: ... file 'biblatex.def' found.

(/usr/local/share/miktex-texmf/tex/latex/biblatex/biblatex.def
File: biblatex.def 2025/07/10 v3.21 biblatex compatibility (PK/MW)
\c@textcitecount=\count423
\c@textcitetotal=\count424
\c@textcitemaxnames=\count425
\c@biburlbigbreakpenalty=\count426
\c@biburlbreakpenalty=\count427
\c@biburlnumpenalty=\count428
\c@biburlucpenalty=\count429
\c@biburllcpenalty=\count430
\biburlbigskip=\muskip19
\biburlnumskip=\muskip20
\biburlucskip=\muskip21
\biburllcskip=\muskip22
\c@smartand=\count431
)
Package biblatex Info: Trying to load bibliography style 'apa'...
Package biblatex Info: ... file 'apa.bbx' found.

(/home/anonymous/.miktex/texmfs/install/tex/latex/biblatex-apa/apa.bbx
File: apa.bbx 2025/08/27 v9.20 APA biblatex references style
Package biblatex Info: Trying to load bibliography style 'standard'...
Package biblatex Info: ... file 'standard.bbx' found.

(/usr/local/share/miktex-texmf/tex/latex/biblatex/bbx/standard.bbx
File: standard.bbx 2025/07/10 v3.21 biblatex bibliography style (PK/MW)
\c@bbx:relatedcount=\count432
\c@bbx:relatedtotal=\count433
)
Package biblatex Info: Delimiter 'nameyeardelim' in context 'bib' already defin
ed, overwriting.
Package biblatex Info: Delimiter 'nameyeardelim' in context 'biblist' already d
efined, overwriting.
Package biblatex Info: Delimiter 'nonameyeardelim' in context 'bib' already def
ined, overwriting.
Package biblatex Info: Delimiter 'nonameyeardelim' in context 'biblist' already
 defined, overwriting.
)
Package biblatex Info: Trying to load citation style 'apa'...
Package biblatex Info: ... file 'apa.cbx' found.

(/home/anonymous/.miktex/texmfs/install/tex/latex/biblatex-apa/apa.cbx
File: apa.cbx 2025/08/27 v9.20 APA biblatex citation style
Package biblatex Info: Delimiter 'nameyeardelim' in context '' already defined,
 overwriting.
Package biblatex Info: Delimiter 'andothersdelim' in context '' already defined
, overwriting.
Package biblatex Info: Redefining '\fullcite'.
Package biblatex Info: Redefining '\citeauthor'.
Package biblatex Info: Redefining '\citeyear'.
Package biblatex Info: Redefining '\cite'.
Package biblatex Info: Redefining '\cites'.
Package biblatex Info: Redefining '\parencite'.
Package biblatex Info: Redefining '\parencites'.
Package biblatex Info: Redefining '\footcite'.
Package biblatex Info: Redefining '\footcites'.
Package biblatex Info: Redefining '\footcitetext'.
Package biblatex Info: Redefining '\footcitetexts'.
Package biblatex Info: Redefining '\smartcite'.
Package biblatex Info: Redefining '\smartcites'.
Package biblatex Info: Redefining '\textcite'.
Package biblatex Info: Redefining '\textcites'.
Lua function BLTXAPAifInParensTF = 31)
Package biblatex Info: Trying to load configuration file...
Package biblatex Info: ... file 'biblatex.cfg' found.

(/usr/local/share/miktex-texmf/tex/latex/biblatex/biblatex.cfg
File: biblatex.cfg 
)
Package biblatex Info: LuaTeX detected.
(biblatex)             Assuming input encoding 'utf8'.
Package biblatex Info: Document encoding is UTF8 ....

(/usr/local/share/miktex-texmf/tex/latex/l3kernel/expl3.sty
Package: expl3 2025-11-06 L3 programming layer (loader) 

(/usr/local/share/miktex-texmf/tex/latex/l3backend/l3backend-luatex.def
File: l3backend-luatex.def 2025-10-09 L3 backend support: PDF output (LuaTeX)
\l__color_backend_stack_int=\count434
Inserting `l3color' in `luaotfload.parse_color'.))
Package biblatex Info: ... and expl3
(biblatex)             2025-11-06 L3 programming layer (loader) 
(biblatex)             is new enough (at least 2020/04/06),
(biblatex)             setting 'casechanger=expl3'.

(/usr/local/share/miktex-texmf/tex/latex/biblatex/blx-case-expl3.sty
(/usr/local/share/miktex-texmf/tex/latex/l3packages/xparse/xparse.sty
Package: xparse 2025-10-09 L3 Experimental document command parser
)
Package: blx-case-expl3 2025/07/10 v3.21 expl3 case changing code for biblatex
))
(/usr/local/share/miktex-texmf/tex/latex/hyperref/hyperref.sty
Package: hyperref 2025-07-12 v7.01o Hypertext links for LaTeX

(/home/anonymous/.miktex/texmfs/install/tex/generic/kvdefinekeys/kvdefinekeys.s
ty
Package: kvdefinekeys 2019-12-19 v1.6 Define keys (HO)
) (/home/anonymous/.miktex/texmfs/install/tex/generic/pdfescape/pdfescape.sty
Package: pdfescape 2019/12/09 v1.15 Implements pdfTeX's escape features (HO)
) (/home/anonymous/.miktex/texmfs/install/tex/latex/hycolor/hycolor.sty
Package: hycolor 2020-01-27 v1.10 Color options for hyperref/bookmark (HO)
)
(/usr/local/share/miktex-texmf/tex/latex/hyperref/nameref.sty
Package: nameref 2025-06-21 v2.57 Cross-referencing by name of section

(/home/anonymous/.miktex/texmfs/install/tex/latex/refcount/refcount.sty
Package: refcount 2019/12/15 v3.6 Data extraction from label references (HO)
)
(/home/anonymous/.miktex/texmfs/install/tex/generic/gettitlestring/gettitlestri
ng.sty
Package: gettitlestring 2019/12/15 v1.6 Cleanup title references (HO)
)
\c@section@level=\count435
)
(/home/anonymous/.miktex/texmfs/install/tex/generic/stringenc/stringenc.sty
Package: stringenc 2019/11/29 v1.12 Convert strings between diff. encodings (HO
)
)
\@linkdim=\dimen167
\Hy@linkcounter=\count436
\Hy@pagecounter=\count437

(/usr/local/share/miktex-texmf/tex/latex/hyperref/pd1enc.def
File: pd1enc.def 2025-07-12 v7.01o Hyperref: PDFDocEncoding definition (HO)
)
(/home/anonymous/.miktex/texmfs/install/tex/generic/intcalc/intcalc.sty
Package: intcalc 2019/12/15 v1.3 Expandable calculations with integers (HO)
)
\Hy@SavedSpaceFactor=\count438

(/usr/local/share/miktex-texmf/tex/latex/hyperref/puenc.def
File: puenc.def 2025-07-12 v7.01o Hyperref: PDF Unicode definition (HO)
)
Package hyperref Info: Hyper figures OFF on input line 4195.
Package hyperref Info: Link nesting OFF on input line 4200.
Package hyperref Info: Hyper index ON on input line 4203.
Package hyperref Info: Plain pages OFF on input line 4210.
Package hyperref Info: Backreferencing OFF on input line 4215.
Package hyperref Info: Implicit mode ON; LaTeX internals redefined.
Package hyperref Info: Bookmarks ON on input line 4462.
\c@Hy@tempcnt=\count439
LaTeX Info: Redefining \url on input line 4801.
\XeTeXLinkMargin=\dimen168

(/home/anonymous/.miktex/texmfs/install/tex/generic/bitset/bitset.sty
Package: bitset 2019/12/09 v1.3 Handle bit-vector datatype (HO)

(/home/anonymous/.miktex/texmfs/install/tex/generic/bigintcalc/bigintcalc.sty
Package: bigintcalc 2019/12/15 v1.5 Expandable calculations on big integers (HO
)
))
\Fld@menulength=\count440
\Field@Width=\dimen169
\Fld@charsize=\dimen170
Package hyperref Info: Hyper figures OFF on input line 6078.
Package hyperref Info: Link nesting OFF on input line 6083.
Package hyperref Info: Hyper index ON on input line 6086.
Package hyperref Info: backreferencing OFF on input line 6093.
Package hyperref Info: Link coloring OFF on input line 6098.
Package hyperref Info: Link coloring with OCG OFF on input line 6103.
Package hyperref Info: PDF/A mode OFF on input line 6108.
\Hy@abspage=\count441
\c@Item=\count442
\c@Hfootnote=\count443
)
Package hyperref Info: Driver (autodetected): hluatex.
 (/usr/local/share/miktex-texmf/tex/latex/hyperref/hluatex.def
File: hluatex.def 2025-07-12 v7.01o Hyperref driver for luaTeX
\Fld@listcount=\count444
\c@bookmark@seq@number=\count445

(/home/anonymous/.miktex/texmfs/install/tex/latex/rerunfilecheck/rerunfilecheck
.sty
Package: rerunfilecheck 2025-06-21 v1.11 Rerun checks for auxiliary files (HO)

(/home/anonymous/.miktex/texmfs/install/tex/generic/uniquecounter/uniquecounter
.sty
Package: uniquecounter 2019/12/15 v1.4 Provide unlimited unique counter (HO)
)
Package uniquecounter Info: New unique counter `rerunfilecheck' on input line 2
84.
)
\Hy@SectionHShift=\skip76
)
Package hyperref Info: Option `colorlinks' set `true' on input line 23.
\@quotelevel=\count446
\@quotereset=\count447

("./Pre-Covid (2019) Sofia Real Estate Econometric Analysis of Market Condition
s -R402-Riste Petrov.aux")
\openout1 = Pre-Covid (2019) Sofia Real Estate Econometric Analysis of Market Conditions -R402-Riste Petrov.aux

LaTeX Font Info:    Checking defaults for OML/cmm/m/it on input line 34.
LaTeX Font Info:    ... okay on input line 34.
LaTeX Font Info:    Checking defaults for OMS/cmsy/m/n on input line 34.
LaTeX Font Info:    ... okay on input line 34.
LaTeX Font Info:    Checking defaults for OT1/cmr/m/n on input line 34.
LaTeX Font Info:    ... okay on input line 34.
LaTeX Font Info:    Checking defaults for T1/cmr/m/n on input line 34.
LaTeX Font Info:    ... okay on input line 34.
LaTeX Font Info:    Checking defaults for TS1/cmr/m/n on input line 34.
LaTeX Font Info:    ... okay on input line 34.
LaTeX Font Info:    Checking defaults for TU/lmr/m/n on input line 34.
LaTeX Font Info:    ... okay on input line 34.
LaTeX Font Info:    Checking defaults for OMX/cmex/m/n on input line 34.
LaTeX Font Info:    ... okay on input line 34.
LaTeX Font Info:    Checking defaults for U/cmr/m/n on input line 34.
LaTeX Font Info:    ... okay on input line 34.
LaTeX Font Info:    Checking defaults for PD1/pdf/m/n on input line 34.
LaTeX Font Info:    ... okay on input line 34.
LaTeX Font Info:    Checking defaults for PU/pdf/m/n on input line 34.
LaTeX Font Info:    ... okay on input line 34.

*geometry* driver: auto-detecting
*geometry* detected driver: luatex
*geometry* verbose mode - [ preamble ] result:
* driver: luatex
* paper: a4paper
* layout: <same size as paper>
* layoutoffset:(h,v)=(0.0pt,0.0pt)
* modes: includehead includefoot 
* h-part:(L,W,R)=(72.2698pt, 452.96826pt, 72.2698pt)
* v-part:(T,H,B)=(72.2698pt, 700.50723pt, 72.2698pt)
* \paperwidth=597.50787pt
* \paperheight=845.04684pt
* \textwidth=452.96826pt
* \textheight=633.50723pt
* \oddsidemargin=-0.00018pt
* \evensidemargin=-0.00018pt
* \topmargin=-0.00018pt
* \headheight=12.0pt
* \headsep=25.0pt
* \topskip=10.0pt
* \footskip=30.0pt
* \marginparwidth=65.0pt
* \marginparsep=11.0pt
* \columnsep=10.0pt
* \skip\footins=9.0pt plus 4.0pt minus 2.0pt
* \hoffset=0.0pt
* \voffset=0.0pt
* \mag=1000
* \@twocolumnfalse
* \@twosidefalse
* \@mparswitchfalse
* \@reversemarginfalse
* (1in=72.27pt=25.4mm, 1cm=28.453pt)

(/usr/local/share/miktex-texmf/tex/context/base/mkii/supp-pdf.mkii
[Loading MPS to PDF converter (version 2006.09.02).]
\scratchcounter=\count448
\scratchdimen=\dimen171
\scratchbox=\box57
\nofMPsegments=\count449
\nofMParguments=\count450
\everyMPshowfont=\toks27
\MPscratchCnt=\count451
\MPscratchDim=\dimen172
\MPnumerator=\count452
\makeMPintoPDFobject=\count453
\everyMPtoPDFconversion=\toks28
) (/usr/local/share/miktex-texmf/tex/latex/epstopdf-pkg/epstopdf-base.sty
Package: epstopdf-base 2020-01-24 v2.11 Base part for package epstopdf
Package epstopdf-base Info: Redefining graphics rule for `.eps' on input line 4
85.

(/usr/local/share/miktex-texmf/tex/latex/00miktex/epstopdf-sys.cfg
File: epstopdf-sys.cfg 2021/03/18 v2.0 Configuration of epstopdf for MiKTeX
))
Package biblatex Info: Trying to load language 'english' -> 'english-apa'...
Package biblatex Info: ... file 'english-apa.lbx' found.

(/home/anonymous/.miktex/texmfs/install/tex/latex/biblatex-apa/english-apa.lbx
File: english-apa.lbx 2025/08/27 v9.20 APA biblatex localisation
Package biblatex Info: Trying to load language 'english'...
Package biblatex Info: ... file 'english.lbx' found.

(/usr/local/share/miktex-texmf/tex/latex/biblatex/lbx/english.lbx
File: english.lbx 2025/07/10 v3.21 biblatex localization (PK/MW)
)
Package biblatex Info: Trying to load language 'american' -> 'american-apa'...
Package biblatex Info: ... file 'american-apa.lbx' found.

(/home/anonymous/.miktex/texmfs/install/tex/latex/biblatex-apa/american-apa.lbx
File: american-apa.lbx 2025/08/27 v9.20 APA biblatex localisation
Package biblatex Info: Trying to load language 'american'...
Package biblatex Info: ... file 'american.lbx' found.
(/usr/local/share/miktex-texmf/tex/latex/biblatex/lbx/american.lbx
File: american.lbx 2025/07/10 v3.21 biblatex localization (PK/MW)
Package biblatex Info: Trying to load language 'english'...
Package biblatex Info: ... file 'english.lbx' found.

(/usr/local/share/miktex-texmf/tex/latex/biblatex/lbx/english.lbx
File: english.lbx 2025/07/10 v3.21 biblatex localization (PK/MW)
))))
Package biblatex Info: LuaTeX detected.
(biblatex)             Assuming input encoding 'utf8'.
Package biblatex Info: Automatic encoding selection.
(biblatex)             Assuming data encoding 'utf8'.

\openout3 = Pre-Covid (2019) Sofia Real Estate Econometric Analysis of Market Conditions -R402-Riste Petrov.bcf
Package biblatex Info: Trying to load bibliographic data...
Package biblatex Info: ... file '"Pre-Covid (2019) Sofia Real Estate Econometri
c Analysis of Market Conditions -R402-Riste Petrov".bbl' found.

("./Pre-Covid (2019) Sofia Real Estate Econometric Analysis of Market Condition
s -R402-Riste Petrov.bbl")
Package biblatex Info: Reference section=0 on input line 34.
Package biblatex Info: Reference segment=0 on input line 34.

(/usr/local/share/miktex-texmf/tex/latex/graphics/color.sty
Package: color 2025/01/14 v1.3e Standard LaTeX Color (DPC)

(/usr/local/share/miktex-texmf/tex/latex/graphics-cfg/color.cfg
File: color.cfg 2016/01/02 v1.6 sample color configuration
)
Package color Info: Driver file: luatex.def on input line 149.

(/usr/local/share/miktex-texmf/tex/latex/graphics/mathcolor.ltx))
Package hyperref Info: Link coloring ON on input line 34.

("./Pre-Covid (2019) Sofia Real Estate Econometric Analysis of Market Condition
s -R402-Riste Petrov.out")
("./Pre-Covid (2019) Sofia Real Estate Econometric Analysis of Market Condition
s -R402-Riste Petrov.out")
\@outlinefile=\write4

\openout4 = Pre-Covid (2019) Sofia Real Estate Econometric Analysis of Market Conditions -R402-Riste Petrov.out

("./Pre-Covid (2019) Sofia Real Estate Econometric Analysis of Market Condition
s -R402-Riste Petrov.toc" [1

{/home/anonymous/.miktex/texmfs/data/fonts/map/pdftex/pdftex.map}])
\tf@toc=\write5

\openout5 = Pre-Covid (2019) Sofia Real Estate Econometric Analysis of Market Conditions -R402-Riste Petrov.toc
 [2]
Overfull \hbox (0.44176pt too wide) in paragraph at lines 46--47
\TU/lmr/m/n/10 During the classes of Applied Econometrics I, several tasks were aimed to identify and address econometric
 []


Underfull \hbox (badness 10000) in paragraph at lines 46--47

 []


Underfull \hbox (badness 10000) in paragraph at lines 48--49

 []


Underfull \hbox (badness 10000) in paragraph at lines 51--52

 []


Underfull \hbox (badness 10000) in paragraph at lines 54--55

 []


Underfull \hbox (badness 10000) in paragraph at lines 57--58

 []

[3]
<property_type_histogram.pdf, id=262, 578.16pt x 433.62pt>
File: property_type_histogram.pdf Graphic file (type pdf)
<use property_type_histogram.pdf>
Package luatex.def Info: property_type_histogram.pdf  used on input line 86.
(luatex.def)             Requested size: 452.96826pt x 339.72418pt.
 [4]
Underfull \hbox (badness 10000) in paragraph at lines 89--90

 []


Underfull \hbox (badness 10000) in paragraph at lines 112--113

 []

[5<./property_type_histogram.pdf>]
<map.pdf, id=280, 385.44pt x 385.44pt>
File: map.pdf Graphic file (type pdf)
<use map.pdf>
Package luatex.def Info: map.pdf  used on input line 116.
(luatex.def)             Requested size: 452.96826pt x 452.96852pt.

Overfull \hbox (15.0pt too wide) in paragraph at lines 116--117
[][] 
 []


Underfull \hbox (badness 10000) in paragraph at lines 122--123

 []

[6<./map.pdf>]
Underfull \hbox (badness 10000) in paragraph at lines 124--125

 []


Underfull \hbox (badness 10000) in paragraph at lines 126--127

 []


Underfull \hbox (badness 10000) in paragraph at lines 154--155

 []

[7]
Overfull \hbox (9.63371pt too wide) in paragraph at lines 194--195
\TU/lmr/m/n/10 neighborhoods which are within walkable distance (500-1000 meters
) from a park, in total 25 neighborhoods. 
 []


Underfull \hbox (badness 10000) in paragraph at lines 211--212

 []


Underfull \hbox (badness 10000) in paragraph at lines 225--226

 []

[8]
Underfull \hbox (badness 10000) in paragraph at lines 240--241

 []


Underfull \hbox (badness 10000) in paragraph at lines 242--243

 []


Underfull \hbox (badness 10000) in paragraph at lines 250--251

 []

<price_histogram.pdf, id=299, 578.16pt x 433.62pt>
File: price_histogram.pdf Graphic file (type pdf)
<use price_histogram.pdf>
Package luatex.def Info: price_histogram.pdf  used on input line 263.
(luatex.def)             Requested size: 452.96826pt x 339.72418pt.

Overfull \hbox (15.0pt too wide) in paragraph at lines 263--264
[][] 
 []

[9]
<area_histogram.pdf, id=304, 578.16pt x 433.62pt>
File: area_histogram.pdf Graphic file (type pdf)
<use area_histogram.pdf>
Package luatex.def Info: area_histogram.pdf  used on input line 284.
(luatex.def)             Requested size: 452.96826pt x 339.72418pt.

Overfull \hbox (15.0pt too wide) in paragraph at lines 284--285
[][] 
 []

[10<./price_histogram.pdf>]
Underfull \hbox (badness 10000) in paragraph at lines 291--292

 []

[11<./area_histogram.pdf>]
<sq_m_histogram.pdf, id=328, 578.16pt x 433.62pt>
File: sq_m_histogram.pdf Graphic file (type pdf)
<use sq_m_histogram.pdf>
Package luatex.def Info: sq_m_histogram.pdf  used on input line 308.
(luatex.def)             Requested size: 452.96826pt x 339.72418pt.

Overfull \hbox (15.0pt too wide) in paragraph at lines 308--309
[][] 
 []


Underfull \hbox (badness 10000) in paragraph at lines 316--317

 []

<median_percentage_histogram.pdf, id=329, 578.16pt x 433.62pt>
File: median_percentage_histogram.pdf Graphic file (type pdf)
<use median_percentage_histogram.pdf>
Package luatex.def Info: median_percentage_histogram.pdf  used on input line 33
0.
(luatex.def)             Requested size: 452.96826pt x 339.72418pt.

Overfull \hbox (15.0pt too wide) in paragraph at lines 330--331
[][] 
 []

[12<./sq_m_histogram.pdf>]
Underfull \hbox (badness 10000) in paragraph at lines 332--333

 []

<difference_from_median_histogram.pdf, id=341, 578.16pt x 433.62pt>
File: difference_from_median_histogram.pdf Graphic file (type pdf)
<use difference_from_median_histogram.pdf>
Package luatex.def Info: difference_from_median_histogram.pdf  used on input li
ne 345.
(luatex.def)             Requested size: 452.96826pt x 339.72418pt.

Overfull \hbox (15.0pt too wide) in paragraph at lines 345--346
[][] 
 []

[13<./median_percentage_histogram.pdf>]
<const_histogram.pdf, id=353, 578.16pt x 433.62pt>
File: const_histogram.pdf Graphic file (type pdf)
<use const_histogram.pdf>
Package luatex.def Info: const_histogram.pdf  used on input line 362.
(luatex.def)             Requested size: 452.96826pt x 339.72418pt.

Overfull \hbox (15.0pt too wide) in paragraph at lines 362--363
[][] 
 []

[14<./difference_from_median_histogram.pdf>]
Underfull \hbox (badness 10000) in paragraph at lines 368--369

 []

<year_histogram.pdf, id=365, 578.16pt x 433.62pt>
File: year_histogram.pdf Graphic file (type pdf)
<use year_histogram.pdf>
Package luatex.def Info: year_histogram.pdf  used on input line 381.
(luatex.def)             Requested size: 452.96826pt x 339.72418pt.

Overfull \hbox (15.0pt too wide) in paragraph at lines 381--382
[][] 
 []

[15<./const_histogram.pdf>]
Underfull \hbox (badness 10000) in paragraph at lines 389--390

 []


Underfull \hbox (badness 10000) in paragraph at lines 395--396

 []

[16<./year_histogram.pdf>]
<floor_histogram.pdf, id=388, 578.16pt x 433.62pt>
File: floor_histogram.pdf Graphic file (type pdf)
<use floor_histogram.pdf>
Package luatex.def Info: floor_histogram.pdf  used on input line 408.
(luatex.def)             Requested size: 452.96826pt x 339.72418pt.

Overfull \hbox (15.0pt too wide) in paragraph at lines 408--409
[][] 
 []

<heating_pie_chart.pdf, id=389, 578.16pt x 433.62pt>
File: heating_pie_chart.pdf Graphic file (type pdf)
<use heating_pie_chart.pdf>
Package luatex.def Info: heating_pie_chart.pdf  used on input line 413.
(luatex.def)             Requested size: 452.96826pt x 339.72418pt.

Overfull \hbox (15.0pt too wide) in paragraph at lines 413--414
[][] 
 []

[17<./floor_histogram.pdf>]
Underfull \hbox (badness 10000) in paragraph at lines 416--417

 []

[18<./heating_pie_chart.pdf>]
Underfull \hbox (badness 10000) in paragraph at lines 427--428

 []


Underfull \hbox (badness 10000) in paragraph at lines 429--430

 []


Underfull \hbox (badness 10000) in paragraph at lines 431--433

 []

<model-structure-2.png, id=412, 624.08156pt x 411.03563pt>
File: model-structure-2.png Graphic file (type png)
<use model-structure-2.png>
Package luatex.def Info: model-structure-2.png  used on input line 436.
(luatex.def)             Requested size: 452.96826pt x 298.34128pt.

Underfull \hbox (badness 10000) in paragraph at lines 444--445

 []

[19<./model-structure-2.png>]
Underfull \hbox (badness 10000) in paragraph at lines 446--447

 []

[20]
Underfull \hbox (badness 10000) in paragraph at lines 549--550

 []

[21]
Underfull \hbox (badness 10000) in paragraph at lines 601--602

 []

File: difference_from_median_histogram.pdf Graphic file (type pdf)
<use difference_from_median_histogram.pdf>
Package luatex.def Info: difference_from_median_histogram.pdf  used on input li
ne 609.
(luatex.def)             Requested size: 217.42282pt x 163.06363pt.
<log_sq_m_histogram.pdf, id=432, 578.16pt x 433.62pt>
File: log_sq_m_histogram.pdf Graphic file (type pdf)
<use log_sq_m_histogram.pdf>
Package luatex.def Info: log_sq_m_histogram.pdf  used on input line 615.
(luatex.def)             Requested size: 217.42282pt x 163.06363pt.

LaTeX Warning: `!h' float specifier changed to `!ht'.

[22] [23<./log_sq_m_histogram.pdf>]
Underfull \hbox (badness 10000) in paragraph at lines 708--709

 []


Underfull \hbox (badness 10000) in paragraph at lines 710--712

 []

[24]
Underfull \hbox (badness 10000) in paragraph at lines 771--772

 []

[25]
Underfull \hbox (badness 10000) in paragraph at lines 778--779

 []


Underfull \hbox (badness 10000) in paragraph at lines 781--782

 []


Underfull \hbox (badness 10000) in paragraph at lines 783--784

 []


Underfull \hbox (badness 10000) in paragraph at lines 786--788

 []


Overfull \hbox (2.0637pt too wide) in paragraph at lines 789--790
\TU/lmr/m/n/10 judgment. Incorporating additional variables—such as property 
renovation status, infrastructure projects,
 []


Underfull \hbox (badness 10000) in paragraph at lines 789--790

 []


Underfull \hbox (badness 10000) in paragraph at lines 792--793

 []


Underfull \hbox (badness 10000) in paragraph at lines 795--796

 []

[26]
("./Pre-Covid (2019) Sofia Real Estate Econometric Analysis of Market Condition
s -R402-Riste Petrov.aux")
 ***********
LaTeX2e <2025-11-01>
L3 programming layer <2025-11-06>
 ***********


LaTeX Warning: There were undefined references.

Package rerunfilecheck Info: File `"Pre-Covid (2019) Sofia Real Estate Economet
ric Analysis of Market Conditions -R402-Riste Petrov".out' has not changed.
(rerunfilecheck)             Checksum: <no file>.

Package biblatex Warning: Please (re)run Biber on the file:
(biblatex)                "Pre-Covid (2019) Sofia Real Estate Econometric Analy
sis of Market Conditions -R402-Riste Petrov"
(biblatex)                and rerun LaTeX afterwards.

Package logreq Info: Writing requests to '"Pre-Covid (2019) Sofia Real Estate E
conometric Analysis of Market Conditions -R402-Riste Petrov".run.xml'.

\openout1 = Pre-Covid (2019) Sofia Real Estate Econometric Analysis of Market Conditions -R402-Riste Petrov.run.xml
)

Here is how much of LuaTeX's memory you used:
 18436 strings out of 476095
 125165,1373583 words of node,token memory allocated
 569 words of node memory still in use:
   6 hlist, 2 vlist, 2 rule, 2 glue, 4 kern, 1 glyph, 11 attribute, 65 glue_spec
, 11 attribute_list, 1 write nodes
   avail lists: 2:1538,3:357,4:289,5:588,6:105,7:8274,8:59,9:1014,10:27,11:88
 40468 multiletter control sequences out of 65536+600000
 51 fonts using 3794967 bytes
 60i,12n,67p,1669b,5050s stack positions out of 10000i,1000n,20000p,200000b,200000s
</usr/local/share/miktex-texmf/fonts/opentype/public/lm/lmroman10-italic.otf></u
sr/local/share/miktex-texmf/fonts/opentype/public/lm/lmroman10-bolditalic.otf></
usr/local/share/miktex-texmf/fonts/opentype/public/lm/lmroman7-regular.otf></usr
/local/share/miktex-texmf/fonts/opentype/public/lm/lmroman10-regular.otf></usr/l
ocal/share/miktex-texmf/fonts/opentype/public/lm/lmroman10-bold.otf></usr/local/
share/miktex-texmf/fonts/opentype/public/lm/lmroman12-bold.otf></usr/local/share
/miktex-texmf/fonts/opentype/public/lm/lmroman9-regular.otf></usr/local/share/mi
ktex-texmf/fonts/opentype/public/lm/lmroman9-bold.otf></usr/local/share/miktex-t
exmf/fonts/opentype/public/lm/lmroman12-regular.otf></usr/local/share/miktex-tex
mf/fonts/opentype/public/lm/lmroman17-regular.otf></usr/local/share/miktex-texmf
/fonts/type1/public/amsfonts/cm/cmex10.pfb></usr/local/share/miktex-texmf/fonts/
type1/public/amsfonts/cm/cmmi10.pfb></usr/local/share/miktex-texmf/fonts/type1/p
ublic/amsfonts/cm/cmmi7.pfb></usr/local/share/miktex-texmf/fonts/type1/public/am
sfonts/cm/cmr10.pfb></usr/local/share/miktex-texmf/fonts/type1/public/amsfonts/c
m/cmr7.pfb></usr/local/share/miktex-texmf/fonts/type1/public/amsfonts/cm/cmsy10.
pfb></usr/local/share/miktex-texmf/fonts/type1/public/amsfonts/cm/cmsy7.pfb>
Output written on Pre-Covid (2019) Sofia Real Estate Econometric Analysis of Mar
ket Conditions -R402-Riste Petrov.pdf (26 pages, 1029712 bytes).

PDF statistics: 561 PDF objects out of 1000 (max. 8388607)
 90 named destinations out of 1000 (max. 131072)
 361 words of extra memory for PDF output out of 10000 (max. 100000000)

