This is LuaHBTeX, Version 1.22.0 (MiKTeX 25.4) (format=lualatex 2025.11.28)  28 NOV 2025 17:34
 restricted system commands enabled.
**"Pre-Covid (2019) Sofia Real Estate Econometric Analysis of Market Conditions
 -R402-Riste Petrov_2.tex"

("./Pre-Covid (2019) Sofia Real Estate Econometric Analysis of Market Condition
s -R402-Riste Petrov_2.tex"
LaTeX2e <2025-11-01>
L3 programming layer <2025-11-06>
Lua module: luaotfload 2024-12-03 v3.29 Lua based OpenType font support
Lua module: lualibs 2023-07-13 v2.76 ConTeXt Lua standard libraries.
Lua module: lualibs-extended 2023-07-13 v2.76 ConTeXt Lua libraries -- extended 
collection.
luaotfload | conf : Root cache directory is "/home/anonymous/.miktex/texmfs/data
/luatex-cache/generic/names".
luaotfload | init : Loading fontloader "fontloader-2023-12-28.lua" from kpse-res
olved path "/usr/local/share/miktex-texmf/tex/luatex/luaotfload/fontloader-2023-
12-28.lua".
Lua-only attribute luaotfload@noligature = 1
luaotfload | init : Context OpenType loader version 3.134
Inserting `luaotfload.node_processor' in `pre_linebreak_filter'.
Inserting `luaotfload.node_processor' in `hpack_filter'.
Inserting `luaotfload.glyph_stream' in `glyph_stream_provider'.
Inserting `luaotfload.define_font' in `define_font'.
Lua-only attribute luaotfload_color_attribute = 2
luaotfload | conf : Root cache directory is "/home/anonymous/.miktex/texmfs/data
/luatex-cache/generic/names".
Inserting `luaotfload.harf.strip_prefix' in `find_opentype_file'.
Inserting `luaotfload.harf.strip_prefix' in `find_truetype_file'.
Removing  `luaotfload.glyph_stream' from `glyph_stream_provider'.
Inserting `luaotfload.harf.glyphstream' in `glyph_stream_provider'.
Inserting `luaotfload.harf.finalize_vlist' in `post_linebreak_filter'.
Inserting `luaotfload.harf.finalize_hlist' in `hpack_filter'.
Inserting `luaotfload.cleanup_files' in `wrapup_run'.
Inserting `luaotfload.harf.finalize_unicode' in `finish_pdffile'.
Inserting `luaotfload.glyphinfo' in `glyph_info'.
Lua-only attribute luaotfload.letterspace_done = 3
Inserting `luaotfload.aux.set_sscale_dimens' in `luaotfload.patch_font'.
Inserting `luaotfload.aux.set_font_index' in `luaotfload.patch_font'.
Inserting `luaotfload.aux.patch_cambria_domh' in `luaotfload.patch_font'.
Inserting `luaotfload.aux.fixup_fontdata' in `luaotfload.patch_font_unsafe'.
Inserting `luaotfload.aux.set_capheight' in `luaotfload.patch_font'.
Inserting `luaotfload.aux.set_xheight' in `luaotfload.patch_font'.
Inserting `luaotfload.rewrite_fontname' in `luaotfload.patch_font'.
Inserting `tracingstacklevels' in `input_level_string'. (/usr/local/share/mikte
x-texmf/tex/latex/base/article.cls
Document Class: article 2025/01/22 v1.4n Standard LaTeX document class
(/usr/local/share/miktex-texmf/tex/latex/base/size10.clo
File: size10.clo 2025/01/22 v1.4n Standard LaTeX file (size option)
luaotfload | db : Font names database loaded from /home/anonymous/.miktex/texmfs
/data/luatex-cache/generic/names/luaotfload-names.luc.gz)
\c@part=\count273
\c@section=\count274
\c@subsection=\count275
\c@subsubsection=\count276
\c@paragraph=\count277
\c@subparagraph=\count278
\c@figure=\count279
\c@table=\count280
\abovecaptionskip=\skip49
\belowcaptionskip=\skip50
\bibindent=\dimen147
)
(/home/anonymous/.miktex/texmfs/install/tex/latex/geometry/geometry.sty
Package: geometry 2020/01/02 v5.9 Page Geometry

(/usr/local/share/miktex-texmf/tex/latex/graphics/keyval.sty
Package: keyval 2022/05/29 v1.15 key=value parser (DPC)
\KV@toks@=\toks17
)
(/usr/local/share/miktex-texmf/tex/generic/iftex/ifvtex.sty
Package: ifvtex 2019/10/25 v1.7 ifvtex legacy package. Use iftex instead.

(/usr/local/share/miktex-texmf/tex/generic/iftex/iftex.sty
Package: iftex 2024/12/12 v1.0g TeX engine tests
))
\Gm@cnth=\count281
\Gm@cntv=\count282
\c@Gm@tempcnt=\count283
\Gm@bindingoffset=\dimen148
\Gm@wd@mp=\dimen149
\Gm@odd@mp=\dimen150
\Gm@even@mp=\dimen151
\Gm@layoutwidth=\dimen152
\Gm@layoutheight=\dimen153
\Gm@layouthoffset=\dimen154
\Gm@layoutvoffset=\dimen155
\Gm@dimlist=\toks18

(/home/anonymous/.miktex/texmfs/install/tex/latex/geometry/geometry.cfg))
(/usr/local/share/miktex-texmf/tex/latex/graphics/graphicx.sty
Package: graphicx 2024/12/31 v1.2e Enhanced LaTeX Graphics (DPC,SPQR)

(/usr/local/share/miktex-texmf/tex/latex/graphics/graphics.sty
Package: graphics 2024/08/06 v1.4g Standard LaTeX Graphics (DPC,SPQR)

(/usr/local/share/miktex-texmf/tex/latex/graphics/trig.sty
Package: trig 2023/12/02 v1.11 sin cos tan (DPC)
)
(/usr/local/share/miktex-texmf/tex/latex/graphics-cfg/graphics.cfg
File: graphics.cfg 2016/06/04 v1.11 sample graphics configuration
)
Package graphics Info: Driver file: luatex.def on input line 106.

(/usr/local/share/miktex-texmf/tex/latex/graphics-def/luatex.def
File: luatex.def 2025/09/29 v1.2f Graphics/color driver for luatex
))
\Gin@req@height=\dimen156
\Gin@req@width=\dimen157
)
(/usr/local/share/miktex-texmf/tex/latex/amsmath/amsmath.sty
Package: amsmath 2025/07/09 v2.17z AMS math features
\@mathmargin=\skip51

For additional information on amsmath, use the `?' option.
(/usr/local/share/miktex-texmf/tex/latex/amsmath/amstext.sty
Package: amstext 2024/11/17 v2.01 AMS text

(/usr/local/share/miktex-texmf/tex/latex/amsmath/amsgen.sty
File: amsgen.sty 1999/11/30 v2.0 generic functions
\@emptytoks=\toks19
\ex@=\dimen158
))
(/usr/local/share/miktex-texmf/tex/latex/amsmath/amsbsy.sty
Package: amsbsy 1999/11/29 v1.2d Bold Symbols
\pmbraise@=\dimen159
)
(/usr/local/share/miktex-texmf/tex/latex/amsmath/amsopn.sty
Package: amsopn 2022/04/08 v2.04 operator names
)
\inf@bad=\count284
LaTeX Info: Redefining \frac on input line 235.
\uproot@=\count285
\leftroot@=\count286
LaTeX Info: Redefining \overline on input line 398.
LaTeX Info: Redefining \colon on input line 409.
\classnum@=\count287
\DOTSCASE@=\count288
LaTeX Info: Redefining \ldots on input line 495.
LaTeX Info: Redefining \dots on input line 498.
LaTeX Info: Redefining \cdots on input line 619.
\Mathstrutbox@=\box53
\strutbox@=\box54
LaTeX Info: Redefining \big on input line 721.
LaTeX Info: Redefining \Big on input line 722.
LaTeX Info: Redefining \bigg on input line 723.
LaTeX Info: Redefining \Bigg on input line 724.
\big@size=\dimen160
LaTeX Font Info:    Redeclaring font encoding OML on input line 742.
LaTeX Font Info:    Redeclaring font encoding OMS on input line 743.
\macc@depth=\count289
LaTeX Info: Redefining \bmod on input line 904.
LaTeX Info: Redefining \pmod on input line 909.
LaTeX Info: Redefining \smash on input line 939.
LaTeX Info: Redefining \relbar on input line 969.
LaTeX Info: Redefining \Relbar on input line 970.
\c@MaxMatrixCols=\count290
\dotsspace@=\muskip17
\c@parentequation=\count291
\dspbrk@lvl=\count292
\tag@help=\toks20
\row@=\count293
\column@=\count294
\maxfields@=\count295
\andhelp@=\toks21
\eqnshift@=\dimen161
\alignsep@=\dimen162
\tagshift@=\dimen163
\tagwidth@=\dimen164
\totwidth@=\dimen165
\lineht@=\dimen166
\@envbody=\toks22
\multlinegap=\skip52
\multlinetaggap=\skip53
\mathdisplay@stack=\toks23
LaTeX Info: Redefining \[ on input line 2950.
LaTeX Info: Redefining \] on input line 2951.
)
(/home/anonymous/.miktex/texmfs/install/tex/latex/float/float.sty
Package: float 2001/11/08 v1.3d Float enhancements (AL)
\c@float@type=\count296
\float@exts=\toks24
\float@box=\box55
\@float@everytoks=\toks25
\@floatcapt=\box56
)
(/usr/local/share/miktex-texmf/tex/latex/l3backend/l3backend-luatex.def
File: l3backend-luatex.def 2025-10-09 L3 backend support: PDF output (LuaTeX)
\l__color_backend_stack_int=\count297
Inserting `l3color' in `luaotfload.parse_color'.)
("./Pre-Covid (2019) Sofia Real Estate Econometric Analysis of Market Condition
s -R402-Riste Petrov_2.aux")
\openout1 = Pre-Covid (2019) Sofia Real Estate Econometric Analysis of Market Conditions -R402-Riste Petrov_2.aux

LaTeX Font Info:    Checking defaults for OML/cmm/m/it on input line 14.
LaTeX Font Info:    ... okay on input line 14.
LaTeX Font Info:    Checking defaults for OMS/cmsy/m/n on input line 14.
LaTeX Font Info:    ... okay on input line 14.
LaTeX Font Info:    Checking defaults for OT1/cmr/m/n on input line 14.
LaTeX Font Info:    ... okay on input line 14.
LaTeX Font Info:    Checking defaults for T1/cmr/m/n on input line 14.
LaTeX Font Info:    ... okay on input line 14.
LaTeX Font Info:    Checking defaults for TS1/cmr/m/n on input line 14.
LaTeX Font Info:    ... okay on input line 14.
LaTeX Font Info:    Checking defaults for TU/lmr/m/n on input line 14.
LaTeX Font Info:    ... okay on input line 14.
LaTeX Font Info:    Checking defaults for OMX/cmex/m/n on input line 14.
LaTeX Font Info:    ... okay on input line 14.
LaTeX Font Info:    Checking defaults for U/cmr/m/n on input line 14.
LaTeX Font Info:    ... okay on input line 14.

*geometry* driver: auto-detecting
*geometry* detected driver: luatex
*geometry* verbose mode - [ preamble ] result:
* driver: luatex
* paper: a4paper
* layout: <same size as paper>
* layoutoffset:(h,v)=(0.0pt,0.0pt)
* modes: includehead includefoot 
* h-part:(L,W,R)=(72.2698pt, 452.96826pt, 72.2698pt)
* v-part:(T,H,B)=(72.2698pt, 700.50723pt, 72.2698pt)
* \paperwidth=597.50787pt
* \paperheight=845.04684pt
* \textwidth=452.96826pt
* \textheight=633.50723pt
* \oddsidemargin=-0.00018pt
* \evensidemargin=-0.00018pt
* \topmargin=-0.00018pt
* \headheight=12.0pt
* \headsep=25.0pt
* \topskip=10.0pt
* \footskip=30.0pt
* \marginparwidth=65.0pt
* \marginparsep=11.0pt
* \columnsep=10.0pt
* \skip\footins=9.0pt plus 4.0pt minus 2.0pt
* \hoffset=0.0pt
* \voffset=0.0pt
* \mag=1000
* \@twocolumnfalse
* \@twosidefalse
* \@mparswitchfalse
* \@reversemarginfalse
* (1in=72.27pt=25.4mm, 1cm=28.453pt)

(/usr/local/share/miktex-texmf/tex/context/base/mkii/supp-pdf.mkii
[Loading MPS to PDF converter (version 2006.09.02).]
\scratchcounter=\count298
\scratchdimen=\dimen167
\scratchbox=\box57
\nofMPsegments=\count299
\nofMParguments=\count300
\everyMPshowfont=\toks26
\MPscratchCnt=\count301
\MPscratchDim=\dimen168
\MPnumerator=\count302
\makeMPintoPDFobject=\count303
\everyMPtoPDFconversion=\toks27
) (/usr/local/share/miktex-texmf/tex/latex/epstopdf-pkg/epstopdf-base.sty
Package: epstopdf-base 2020-01-24 v2.11 Base part for package epstopdf
Package epstopdf-base Info: Redefining graphics rule for `.eps' on input line 4
85.

(/usr/local/share/miktex-texmf/tex/latex/00miktex/epstopdf-sys.cfg
File: epstopdf-sys.cfg 2021/03/18 v2.0 Configuration of epstopdf for MiKTeX
))
("./Pre-Covid (2019) Sofia Real Estate Econometric Analysis of Market Condition
s -R402-Riste Petrov_2.toc" [1

{/home/anonymous/.miktex/texmfs/data/fonts/map/pdftex/pdftex.map}])
\tf@toc=\write3

\openout3 = Pre-Covid (2019) Sofia Real Estate Econometric Analysis of Market Conditions -R402-Riste Petrov_2.toc
 [2]
Overfull \hbox (0.44176pt too wide) in paragraph at lines 26--27
\TU/lmr/m/n/10 During the classes of Applied Econometrics I, several tasks were aimed to identify and address econometric
 []


Underfull \hbox (badness 10000) in paragraph at lines 26--27

 []


Underfull \hbox (badness 10000) in paragraph at lines 28--29

 []


LaTeX Warning: Citation `malpezzi2003' on page 3 undefined on input line 31.


LaTeX Warning: Citation `bayer2004' on page 3 undefined on input line 31.


Underfull \hbox (badness 10000) in paragraph at lines 31--32

 []


LaTeX Warning: Citation `freeman1974' on page 3 undefined on input line 34.


LaTeX Warning: Citation `malpezzi2003' on page 3 undefined on input line 34.


Underfull \hbox (badness 10000) in paragraph at lines 34--35

 []


LaTeX Warning: Citation `case1989' on page 3 undefined on input line 37.


LaTeX Warning: Citation `bayer2004' on page 3 undefined on input line 37.


Underfull \hbox (badness 10000) in paragraph at lines 37--38

 []

[3]
<property_type_histogram.pdf, id=18, 578.16pt x 433.62pt>
File: property_type_histogram.pdf Graphic file (type pdf)
<use property_type_histogram.pdf>
Package luatex.def Info: property_type_histogram.pdf  used on input line 66.
(luatex.def)             Requested size: 452.96826pt x 339.72418pt.
 [4]
Underfull \hbox (badness 10000) in paragraph at lines 69--70

 []


Underfull \hbox (badness 10000) in paragraph at lines 92--93

 []

[5<./property_type_histogram.pdf>]
<map.pdf, id=34, 385.44pt x 385.44pt>
File: map.pdf Graphic file (type pdf)
<use map.pdf>
Package luatex.def Info: map.pdf  used on input line 96.
(luatex.def)             Requested size: 452.96826pt x 452.96852pt.

Overfull \hbox (15.0pt too wide) in paragraph at lines 96--97
[][] 
 []


Underfull \hbox (badness 10000) in paragraph at lines 102--103

 []

[6<./map.pdf>]
Underfull \hbox (badness 10000) in paragraph at lines 104--105

 []


Underfull \hbox (badness 10000) in paragraph at lines 106--107

 []


Underfull \hbox (badness 10000) in paragraph at lines 134--135

 []

[7]
Overfull \hbox (9.63371pt too wide) in paragraph at lines 174--175
\TU/lmr/m/n/10 neighborhoods which are within walkable distance (500-1000 meters
) from a park, in total 25 neighborhoods. 
 []


Underfull \hbox (badness 10000) in paragraph at lines 191--192

 []


Underfull \hbox (badness 10000) in paragraph at lines 205--206

 []

[8]
Underfull \hbox (badness 10000) in paragraph at lines 220--221

 []


Underfull \hbox (badness 10000) in paragraph at lines 222--223

 []


Underfull \hbox (badness 10000) in paragraph at lines 230--231

 []

<price_histogram.pdf, id=49, 578.16pt x 433.62pt>
File: price_histogram.pdf Graphic file (type pdf)
<use price_histogram.pdf>
Package luatex.def Info: price_histogram.pdf  used on input line 243.
(luatex.def)             Requested size: 452.96826pt x 339.72418pt.

Overfull \hbox (15.0pt too wide) in paragraph at lines 243--244
[][] 
 []

[9]
<area_histogram.pdf, id=53, 578.16pt x 433.62pt>
File: area_histogram.pdf Graphic file (type pdf)
<use area_histogram.pdf>
Package luatex.def Info: area_histogram.pdf  used on input line 264.
(luatex.def)             Requested size: 452.96826pt x 339.72418pt.

Overfull \hbox (15.0pt too wide) in paragraph at lines 264--265
[][] 
 []

[10<./price_histogram.pdf>]
Underfull \hbox (badness 10000) in paragraph at lines 271--272

 []

[11<./area_histogram.pdf>]
<sq_m_histogram.pdf, id=75, 578.16pt x 433.62pt>
File: sq_m_histogram.pdf Graphic file (type pdf)
<use sq_m_histogram.pdf>
Package luatex.def Info: sq_m_histogram.pdf  used on input line 288.
(luatex.def)             Requested size: 452.96826pt x 339.72418pt.

Overfull \hbox (15.0pt too wide) in paragraph at lines 288--289
[][] 
 []


Underfull \hbox (badness 10000) in paragraph at lines 296--297

 []

<median_percentage_histogram.pdf, id=76, 578.16pt x 433.62pt>
File: median_percentage_histogram.pdf Graphic file (type pdf)
<use median_percentage_histogram.pdf>
Package luatex.def Info: median_percentage_histogram.pdf  used on input line 31
0.
(luatex.def)             Requested size: 452.96826pt x 339.72418pt.

Overfull \hbox (15.0pt too wide) in paragraph at lines 310--311
[][] 
 []

[12<./sq_m_histogram.pdf>]
Underfull \hbox (badness 10000) in paragraph at lines 312--313

 []

<difference_from_median_histogram.pdf, id=87, 578.16pt x 433.62pt>
File: difference_from_median_histogram.pdf Graphic file (type pdf)
<use difference_from_median_histogram.pdf>
Package luatex.def Info: difference_from_median_histogram.pdf  used on input li
ne 325.
(luatex.def)             Requested size: 452.96826pt x 339.72418pt.

Overfull \hbox (15.0pt too wide) in paragraph at lines 325--326
[][] 
 []

[13<./median_percentage_histogram.pdf>]
<const_histogram.pdf, id=98, 578.16pt x 433.62pt>
File: const_histogram.pdf Graphic file (type pdf)
<use const_histogram.pdf>
Package luatex.def Info: const_histogram.pdf  used on input line 342.
(luatex.def)             Requested size: 452.96826pt x 339.72418pt.

Overfull \hbox (15.0pt too wide) in paragraph at lines 342--343
[][] 
 []

[14<./difference_from_median_histogram.pdf>]
Underfull \hbox (badness 10000) in paragraph at lines 348--349

 []

<year_histogram.pdf, id=109, 578.16pt x 433.62pt>
File: year_histogram.pdf Graphic file (type pdf)
<use year_histogram.pdf>
Package luatex.def Info: year_histogram.pdf  used on input line 361.
(luatex.def)             Requested size: 452.96826pt x 339.72418pt.

Overfull \hbox (15.0pt too wide) in paragraph at lines 361--362
[][] 
 []

[15<./const_histogram.pdf>]
Underfull \hbox (badness 10000) in paragraph at lines 369--370

 []


Underfull \hbox (badness 10000) in paragraph at lines 375--376

 []

[16<./year_histogram.pdf>]
<floor_histogram.pdf, id=130, 578.16pt x 433.62pt>
File: floor_histogram.pdf Graphic file (type pdf)
<use floor_histogram.pdf>
Package luatex.def Info: floor_histogram.pdf  used on input line 388.
(luatex.def)             Requested size: 452.96826pt x 339.72418pt.

Overfull \hbox (15.0pt too wide) in paragraph at lines 388--389
[][] 
 []

<heating_pie_chart.pdf, id=131, 578.16pt x 433.62pt>
File: heating_pie_chart.pdf Graphic file (type pdf)
<use heating_pie_chart.pdf>
Package luatex.def Info: heating_pie_chart.pdf  used on input line 393.
(luatex.def)             Requested size: 452.96826pt x 339.72418pt.

Overfull \hbox (15.0pt too wide) in paragraph at lines 393--394
[][] 
 []

[17<./floor_histogram.pdf>]
Underfull \hbox (badness 10000) in paragraph at lines 396--397

 []

[18<./heating_pie_chart.pdf>]
Underfull \hbox (badness 10000) in paragraph at lines 407--408

 []


Underfull \hbox (badness 10000) in paragraph at lines 409--410

 []


Underfull \hbox (badness 10000) in paragraph at lines 411--413

 []

<model-structure-2.png, id=152, 624.08156pt x 411.03563pt>
File: model-structure-2.png Graphic file (type png)
<use model-structure-2.png>
Package luatex.def Info: model-structure-2.png  used on input line 416.
(luatex.def)             Requested size: 452.96826pt x 298.34128pt.

Underfull \hbox (badness 10000) in paragraph at lines 424--425

 []

[19<./model-structure-2.png>]
Underfull \hbox (badness 10000) in paragraph at lines 426--427

 []

[20]
Underfull \hbox (badness 10000) in paragraph at lines 529--530

 []

[21]
Underfull \hbox (badness 10000) in paragraph at lines 581--582

 []

File: difference_from_median_histogram.pdf Graphic file (type pdf)
<use difference_from_median_histogram.pdf>
Package luatex.def Info: difference_from_median_histogram.pdf  used on input li
ne 589.
(luatex.def)             Requested size: 217.42282pt x 163.06363pt.
<log_sq_m_histogram.pdf, id=167, 578.16pt x 433.62pt>
File: log_sq_m_histogram.pdf Graphic file (type pdf)
<use log_sq_m_histogram.pdf>
Package luatex.def Info: log_sq_m_histogram.pdf  used on input line 595.
(luatex.def)             Requested size: 217.42282pt x 163.06363pt.

LaTeX Warning: `!h' float specifier changed to `!ht'.

[22] [23<./log_sq_m_histogram.pdf>]
Underfull \hbox (badness 10000) in paragraph at lines 688--689

 []


Underfull \hbox (badness 10000) in paragraph at lines 690--692

 []

[24]
Underfull \hbox (badness 10000) in paragraph at lines 751--752

 []

[25]
Underfull \hbox (badness 10000) in paragraph at lines 758--759

 []


Underfull \hbox (badness 10000) in paragraph at lines 761--762

 []


Underfull \hbox (badness 10000) in paragraph at lines 763--764

 []


Underfull \hbox (badness 10000) in paragraph at lines 766--768

 []


Overfull \hbox (2.0637pt too wide) in paragraph at lines 769--770
\TU/lmr/m/n/10 judgment. Incorporating additional variables—such as property 
renovation status, infrastructure projects,
 []


Underfull \hbox (badness 10000) in paragraph at lines 769--770

 []


Underfull \hbox (badness 10000) in paragraph at lines 772--773

 []


Underfull \hbox (badness 10000) in paragraph at lines 775--776

 []

[26]
("./Pre-Covid (2019) Sofia Real Estate Econometric Analysis of Market Condition
s -R402-Riste Petrov_2.aux")
 ***********
LaTeX2e <2025-11-01>
L3 programming layer <2025-11-06>
 ***********


LaTeX Warning: There were undefined references.

)

Here is how much of LuaTeX's memory you used:
 2847 strings out of 476095
 100000,460012 words of node,token memory allocated
 509 words of node memory still in use:
   6 hlist, 2 vlist, 2 rule, 2 glue, 4 kern, 1 glyph, 11 attribute, 53 glue_spec
, 11 attribute_list, 1 write nodes
   avail lists: 2:1466,3:280,4:44,5:489,6:70,7:8260,8:59,9:976,10:27,11:88
 25234 multiletter control sequences out of 65536+600000
 50 fonts using 3663279 bytes
 57i,12n,62p,1671b,339s stack positions out of 10000i,1000n,20000p,200000b,200000s
</usr/local/share/miktex-texmf/fonts/opentype/public/lm/lmroman10-bolditalic.otf
></usr/local/share/miktex-texmf/fonts/opentype/public/lm/lmroman7-regular.otf></
usr/local/share/miktex-texmf/fonts/opentype/public/lm/lmroman10-regular.otf></us
r/local/share/miktex-texmf/fonts/opentype/public/lm/lmroman10-bold.otf></usr/loc
al/share/miktex-texmf/fonts/opentype/public/lm/lmroman12-bold.otf></usr/local/sh
are/miktex-texmf/fonts/opentype/public/lm/lmroman9-regular.otf></usr/local/share
/miktex-texmf/fonts/opentype/public/lm/lmroman9-bold.otf></usr/local/share/mikte
x-texmf/fonts/opentype/public/lm/lmroman12-regular.otf></usr/local/share/miktex-
texmf/fonts/opentype/public/lm/lmroman17-regular.otf></usr/local/share/miktex-te
xmf/fonts/type1/public/amsfonts/cm/cmex10.pfb></usr/local/share/miktex-texmf/fon
ts/type1/public/amsfonts/cm/cmmi10.pfb></usr/local/share/miktex-texmf/fonts/type
1/public/amsfonts/cm/cmmi7.pfb></usr/local/share/miktex-texmf/fonts/type1/public
/amsfonts/cm/cmr10.pfb></usr/local/share/miktex-texmf/fonts/type1/public/amsfont
s/cm/cmr7.pfb></usr/local/share/miktex-texmf/fonts/type1/public/amsfonts/cm/cmsy
10.pfb></usr/local/share/miktex-texmf/fonts/type1/public/amsfonts/cm/cmsy7.pfb>
Output written on Pre-Covid (2019) Sofia Real Estate Econometric Analysis of Mar
ket Conditions -R402-Riste Petrov_2.pdf (26 pages, 985537 bytes).

PDF statistics: 268 PDF objects out of 1000 (max. 8388607)
 0 named destinations out of 1000 (max. 131072)
 1 words of extra memory for PDF output out of 10000 (max. 100000000)

